<html>
<body>
<pre>
<h1>µVision Build Log</h1>
<h2>Tool Versions:</h2>
IDE-Version: ¦ÌVision V5.18.0.0
Copyright (C) 2016 ARM Ltd and ARM Germany GmbH. All rights reserved.
License Information: d fs, dfs, LIC=65ILQ-N7EG5-8SAYU-SX5BA-WUZX0-ZU4N2
 
Tool Versions:
Toolchain:       MDK-ARM Standard  Version: 5.18
Toolchain Path:  D:\Keil\ARM\ARMCC\Bin
C Compiler:      Armcc.exe V5.06 update 1 (build 61)
Assembler:       Armasm.exe V5.06 update 1 (build 61)
Linker/Locator:  ArmLink.exe V5.06 update 1 (build 61)
Library Manager: ArmAr.exe V5.06 update 1 (build 61)
Hex Converter:   FromElf.exe V5.06 update 1 (build 61)
CPU DLL:         SARMCM3.DLL V5.18
Dialog DLL:      DCM.DLL V1.13.6.0
Target DLL:      Segger\JL2CM3.dll V2.99.18.0
Dialog DLL:      TCM.DLL V1.14.8.0
 
<h2>Project:</h2>
E:\Mycode\freeRTOS_Mould\Project\freeRTOS.uvprojx
Project File Date:  01/26/2018

<h2>Output:</h2>
*** Using Compiler 'V5.06 update 1 (build 61)', folder: 'D:\Keil\ARM\ARMCC\Bin'
Rebuild target 'Target1'
compiling main.c...
..\User\main.c(24): warning:  #111-D: statement is unreachable
  	return 0;
..\User\main.c(70): warning:  #177-D: variable "TCR_COUNT_RESET" was declared but never referenced
      const unsigned long TCR_COUNT_RESET = 2, CTCR_CTM_TIMER = 0x00, TCR_COUNT_ENABLE = 0x01;
..\User\main.c(70): warning:  #177-D: variable "CTCR_CTM_TIMER" was declared but never referenced
      const unsigned long TCR_COUNT_RESET = 2, CTCR_CTM_TIMER = 0x00, TCR_COUNT_ENABLE = 0x01;
..\User\main.c(70): warning:  #177-D: variable "TCR_COUNT_ENABLE" was declared but never referenced
      const unsigned long TCR_COUNT_RESET = 2, CTCR_CTM_TIMER = 0x00, TCR_COUNT_ENABLE = 0x01;
..\User\main.c: 4 warnings, 0 errors
compiling debug_frmwrk.c...
compiling lpc177x_8x_adc.c...
compiling lpc177x_8x_crc.c...
compiling lpc177x_8x_clkpwr.c...
compiling lpc177x_8x_can.c...
compiling lpc177x_8x_dac.c...
compiling lpc177x_8x_emac.c...
compiling lpc177x_8x_eeprom.c...
compiling lpc177x_8x_gpdma.c...
compiling lpc177x_8x_exti.c...
compiling lpc177x_8x_emc.c...
compiling lpc177x_8x_gpio.c...
compiling lpc177x_8x_i2c.c...
compiling lpc177x_8x_i2s.c...
compiling lpc177x_8x_iap.c...
compiling lpc177x_8x_lcd.c...
compiling lpc177x_8x_mcpwm.c...
compiling lpc177x_8x_mci.c...
compiling lpc177x_8x_nvic.c...
compiling lpc177x_8x_pinsel.c...
compiling lpc177x_8x_pwm.c...
compiling lpc177x_8x_qei.c...
compiling lpc177x_8x_rtc.c...
compiling lpc177x_8x_ssp.c...
compiling lpc177x_8x_systick.c...
compiling lpc177x_8x_timer.c...
compiling lpc177x_8x_uart.c...
compiling lpc177x_8x_usbhost.c...
compiling lpc177x_8x_wwdt.c...
assembling startup_LPC17xx.s...
compiling system_LPC177x_8x.c...
compiling core_cm3.c...
compiling uart0.c...
compiling user_queue.c...
compiling heap_1.c...
compiling list.c...
compiling queue.c...
compiling tasks.c...
compiling croutine.c...
compiling event_groups.c...
compiling timers.c...
compiling port.c...
linking...
Program Size: Code=5728 RO-data=228 RW-data=180 ZI-data=27476  
FromELF: creating hex file...
"..\Output\freeRTOS_test.axf" - 0 Error(s), 4 Warning(s).

<h2>Collection of Component include folders:</h2>
  E:\Mycode\freeRTOS_Mould\Project\RTE
  D:\Keil\ARM\PACK\Keil\LPC1700_DFP\2.4.0\Device\Include

<h2>Collection of Component Files used:</h2>
Build Time Elapsed:  00:00:05
</pre>
</body>
</html>
