Component: ARM Compiler 5.06 update 1 (build 61) Tool: armlink [4d35a8]

==============================================================================

Section Cross References

    main.o(i.HardWare_Init) refers to uart0.o(i.UART0Init) for UART0Init
    main.o(i.main) refers to system_lpc177x_8x.o(i.SystemInit) for SystemInit
    main.o(i.main) refers to main.o(i.HardWare_Init) for HardWare_Init
    main.o(i.main) refers to tasks.o(i.xTaskCreate) for xTaskCreate
    main.o(i.main) refers to tasks.o(i.vTaskStartScheduler) for vTaskStartScheduler
    main.o(i.main) refers to main.o(i.vWDTTask) for vWDTTask
    main.o(i.main) refers to main.o(i.vTCPTask) for vTCPTask
    main.o(i.main) refers to main.o(i.vAPPTask) for vAPPTask
    main.o(i.vAPPTask) refers to uart0.o(i.UART0Write_Str) for UART0Write_Str
    main.o(i.vAPPTask) refers to tasks.o(i.vTaskDelay) for vTaskDelay
    main.o(i.vTCPTask) refers to uart0.o(i.UART0Write_Str) for UART0Write_Str
    main.o(i.vTCPTask) refers to tasks.o(i.vTaskDelay) for vTaskDelay
    main.o(i.vWDTTask) refers to port.o(i.vPortEnterCritical) for vPortEnterCritical
    main.o(i.vWDTTask) refers to port.o(i.vPortExitCritical) for vPortExitCritical
    main.o(i.vWDTTask) refers to tasks.o(i.vTaskDelay) for vTaskDelay
    debug_frmwrk.o(i.UARTGetChar) refers to lpc177x_8x_uart.o(i.UART_Receive) for UART_Receive
    debug_frmwrk.o(i.UARTGetCharInNonBlock) refers to lpc177x_8x_uart.o(i.UART_Receive) for UART_Receive
    debug_frmwrk.o(i.UARTGetValue) refers to lpc177x_8x_uart.o(i.UART_Receive) for UART_Receive
    debug_frmwrk.o(i.UARTGetValue) refers to debug_frmwrk.o(i.UARTPuts) for UARTPuts
    debug_frmwrk.o(i.UARTGetValue) refers to debug_frmwrk.o(i.UARTPutChar) for UARTPutChar
    debug_frmwrk.o(i.UARTGetValue) refers to debug_frmwrk.o(.conststring) for .conststring
    debug_frmwrk.o(i.UARTPutChar) refers to lpc177x_8x_uart.o(i.UART_Send) for UART_Send
    debug_frmwrk.o(i.UARTPutDec) refers to debug_frmwrk.o(i.UARTPutChar) for UARTPutChar
    debug_frmwrk.o(i.UARTPutDec16) refers to debug_frmwrk.o(i.UARTPutChar) for UARTPutChar
    debug_frmwrk.o(i.UARTPutDec32) refers to debug_frmwrk.o(i.UARTPutChar) for UARTPutChar
    debug_frmwrk.o(i.UARTPutHex) refers to debug_frmwrk.o(i.UARTPuts) for UARTPuts
    debug_frmwrk.o(i.UARTPutHex) refers to debug_frmwrk.o(i.UARTPutChar) for UARTPutChar
    debug_frmwrk.o(i.UARTPutHex16) refers to debug_frmwrk.o(i.UARTPuts) for UARTPuts
    debug_frmwrk.o(i.UARTPutHex16) refers to debug_frmwrk.o(i.UARTPutChar) for UARTPutChar
    debug_frmwrk.o(i.UARTPutHex16_) refers to debug_frmwrk.o(i.UARTPutChar) for UARTPutChar
    debug_frmwrk.o(i.UARTPutHex32) refers to debug_frmwrk.o(i.UARTPuts) for UARTPuts
    debug_frmwrk.o(i.UARTPutHex32) refers to debug_frmwrk.o(i.UARTPutChar) for UARTPutChar
    debug_frmwrk.o(i.UARTPutHex32_) refers to debug_frmwrk.o(i.UARTPutChar) for UARTPutChar
    debug_frmwrk.o(i.UARTPutHex_) refers to debug_frmwrk.o(i.UARTPutChar) for UARTPutChar
    debug_frmwrk.o(i.UARTPuts) refers to debug_frmwrk.o(i.UARTPutChar) for UARTPutChar
    debug_frmwrk.o(i.UARTPuts_) refers to debug_frmwrk.o(i.UARTPuts) for UARTPuts
    debug_frmwrk.o(i.debug_frmwrk_init) refers to lpc177x_8x_pinsel.o(i.PINSEL_ConfigPin) for PINSEL_ConfigPin
    debug_frmwrk.o(i.debug_frmwrk_init) refers to lpc177x_8x_uart.o(i.UART_ConfigStructInit) for UART_ConfigStructInit
    debug_frmwrk.o(i.debug_frmwrk_init) refers to lpc177x_8x_uart.o(i.UART_Init) for UART_Init
    debug_frmwrk.o(i.debug_frmwrk_init) refers to lpc177x_8x_uart.o(i.UART_TxCmd) for UART_TxCmd
    debug_frmwrk.o(i.debug_frmwrk_init) refers to debug_frmwrk.o(i.UARTPuts) for UARTPuts
    debug_frmwrk.o(i.debug_frmwrk_init) refers to debug_frmwrk.o(.data) for _db_msg
    debug_frmwrk.o(i.debug_frmwrk_init) refers to debug_frmwrk.o(i.UARTPuts_) for UARTPuts_
    debug_frmwrk.o(i.debug_frmwrk_init) refers to debug_frmwrk.o(i.UARTPutChar) for UARTPutChar
    debug_frmwrk.o(i.debug_frmwrk_init) refers to debug_frmwrk.o(i.UARTPutHex) for UARTPutHex
    debug_frmwrk.o(i.debug_frmwrk_init) refers to debug_frmwrk.o(i.UARTPutHex16) for UARTPutHex16
    debug_frmwrk.o(i.debug_frmwrk_init) refers to debug_frmwrk.o(i.UARTPutHex32) for UARTPutHex32
    debug_frmwrk.o(i.debug_frmwrk_init) refers to debug_frmwrk.o(i.UARTPutHex_) for UARTPutHex_
    debug_frmwrk.o(i.debug_frmwrk_init) refers to debug_frmwrk.o(i.UARTPutHex16_) for UARTPutHex16_
    debug_frmwrk.o(i.debug_frmwrk_init) refers to debug_frmwrk.o(i.UARTPutHex32_) for UARTPutHex32_
    debug_frmwrk.o(i.debug_frmwrk_init) refers to debug_frmwrk.o(i.UARTPutDec) for UARTPutDec
    debug_frmwrk.o(i.debug_frmwrk_init) refers to debug_frmwrk.o(i.UARTPutDec16) for UARTPutDec16
    debug_frmwrk.o(i.debug_frmwrk_init) refers to debug_frmwrk.o(i.UARTPutDec32) for UARTPutDec32
    debug_frmwrk.o(i.debug_frmwrk_init) refers to debug_frmwrk.o(i.UARTGetChar) for UARTGetChar
[...]
    Removing lpc177x_8x_mci.o(i.MCI_Cmd_WriteBlock), (132 bytes).
    Removing lpc177x_8x_mci.o(i.MCI_DATA_END_InterruptService), (64 bytes).
    Removing lpc177x_8x_mci.o(i.MCI_DMA_IRQHandler), (156 bytes).
    Removing lpc177x_8x_mci.o(i.MCI_DataErrorProcess), (72 bytes).
    Removing lpc177x_8x_mci.o(i.MCI_FIFOInterruptService), (2 bytes).
    Removing lpc177x_8x_mci.o(i.MCI_GetCID), (136 bytes).
    Removing lpc177x_8x_mci.o(i.MCI_GetCSD), (124 bytes).
    Removing lpc177x_8x_mci.o(i.MCI_GetCardAddress), (12 bytes).
    Removing lpc177x_8x_mci.o(i.MCI_GetCardStatus), (136 bytes).
    Removing lpc177x_8x_mci.o(i.MCI_GetCardType), (12 bytes).
    Removing lpc177x_8x_mci.o(i.MCI_GetCmdResp), (212 bytes).
    Removing lpc177x_8x_mci.o(i.MCI_GetDataXferEndState), (12 bytes).
    Removing lpc177x_8x_mci.o(i.MCI_IRQHandler), (72 bytes).
    Removing lpc177x_8x_mci.o(i.MCI_Init), (460 bytes).
    Removing lpc177x_8x_mci.o(i.MCI_PowerOff), (24 bytes).
    Removing lpc177x_8x_mci.o(i.MCI_RXDisable), (20 bytes).
    Removing lpc177x_8x_mci.o(i.MCI_RXEnable), (20 bytes).
    Removing lpc177x_8x_mci.o(i.MCI_ReadBlock), (156 bytes).
    Removing lpc177x_8x_mci.o(i.MCI_ReadFifo), (32 bytes).
    Removing lpc177x_8x_mci.o(i.MCI_SendCmd), (112 bytes).
    Removing lpc177x_8x_mci.o(i.MCI_SetBlockLen), (116 bytes).
    Removing lpc177x_8x_mci.o(i.MCI_SetBusWidth), (68 bytes).
    Removing lpc177x_8x_mci.o(i.MCI_SetCardAddress), (132 bytes).
    Removing lpc177x_8x_mci.o(i.MCI_SetOutputMode), (36 bytes).
    Removing lpc177x_8x_mci.o(i.MCI_Set_MCIClock), (64 bytes).
    Removing lpc177x_8x_mci.o(i.MCI_SettingDma), (104 bytes).
    Removing lpc177x_8x_mci.o(i.MCI_TXDisable), (20 bytes).
    Removing lpc177x_8x_mci.o(i.MCI_TXEnable), (20 bytes).
    Removing lpc177x_8x_mci.o(i.MCI_WriteBlock), (156 bytes).
    Removing lpc177x_8x_mci.o(i.MCI_WriteFifo), (32 bytes).
    Removing lpc177x_8x_mci.o(i.NVIC_EnableIRQ), (22 bytes).
    Removing lpc177x_8x_mci.o(.data), (44 bytes).
    Removing lpc177x_8x_mcpwm.o(i.MCPWM_ACMode), (18 bytes).
    Removing lpc177x_8x_mcpwm.o(i.MCPWM_ClearCapture), (16 bytes).
    Removing lpc177x_8x_mcpwm.o(i.MCPWM_ConfigCapture), (266 bytes).
    Removing lpc177x_8x_mcpwm.o(i.MCPWM_ConfigChannel), (306 bytes).
    Removing lpc177x_8x_mcpwm.o(i.MCPWM_CountConfig), (218 bytes).
    Removing lpc177x_8x_mcpwm.o(i.MCPWM_DCMode), (38 bytes).
    Removing lpc177x_8x_mcpwm.o(i.MCPWM_GetCapture), (28 bytes).
    Removing lpc177x_8x_mcpwm.o(i.MCPWM_GetIntStatus), (16 bytes).
    Removing lpc177x_8x_mcpwm.o(i.MCPWM_Init), (26 bytes).
    Removing lpc177x_8x_mcpwm.o(i.MCPWM_IntClear), (4 bytes).
    Removing lpc177x_8x_mcpwm.o(i.MCPWM_IntConfig), (10 bytes).
    Removing lpc177x_8x_mcpwm.o(i.MCPWM_IntSet), (4 bytes).
    Removing lpc177x_8x_mcpwm.o(i.MCPWM_Start), (42 bytes).
    Removing lpc177x_8x_mcpwm.o(i.MCPWM_Stop), (42 bytes).
    Removing lpc177x_8x_mcpwm.o(i.MCPWM_WriteToShadow), (40 bytes).
    Removing lpc177x_8x_nvic.o(i.NVIC_DeInit), (68 bytes).
    Removing lpc177x_8x_nvic.o(i.NVIC_SCBDeInit), (84 bytes).
    Removing lpc177x_8x_nvic.o(i.NVIC_SetVTOR), (12 bytes).
    Removing lpc177x_8x_pinsel.o(i.PINSEL_ConfigPin), (40 bytes).
    Removing lpc177x_8x_pinsel.o(i.PINSEL_DacEnable), (54 bytes).
    Removing lpc177x_8x_pinsel.o(i.PINSEL_SetAnalogPinMode), (102 bytes).
    Removing lpc177x_8x_pinsel.o(i.PINSEL_SetFilter), (70 bytes).
    Removing lpc177x_8x_pinsel.o(i.PINSEL_SetHysMode), (46 bytes).
    Removing lpc177x_8x_pinsel.o(i.PINSEL_SetI2CMode), (42 bytes).
    Removing lpc177x_8x_pinsel.o(i.PINSEL_SetInBufMode), (46 bytes).
    Removing lpc177x_8x_pinsel.o(i.PINSEL_SetOpenDrainMode), (46 bytes).
    Removing lpc177x_8x_pinsel.o(i.PINSEL_SetPinMode), (42 bytes).
    Removing lpc177x_8x_pinsel.o(i.PINSEL_SetSlewMode), (46 bytes).
    Removing lpc177x_8x_pinsel.o(i.PIN_GetPointer), (24 bytes).
    Removing lpc177x_8x_pwm.o(i.PWM_ChannelCmd), (90 bytes).
    Removing lpc177x_8x_pwm.o(i.PWM_ChannelConfig), (76 bytes).
    Removing lpc177x_8x_pwm.o(i.PWM_ClearIntPending), (18 bytes).
    Removing lpc177x_8x_pwm.o(i.PWM_Cmd), (38 bytes).
    Removing lpc177x_8x_pwm.o(i.PWM_ConfigCapture), (186 bytes).
    Removing lpc177x_8x_pwm.o(i.PWM_ConfigMatch), (192 bytes).
    Removing lpc177x_8x_pwm.o(i.PWM_ConfigStructInit), (30 bytes).
    Removing lpc177x_8x_pwm.o(i.PWM_CounterCmd), (38 bytes).
    Removing lpc177x_8x_pwm.o(i.PWM_DeInit), (42 bytes).
    Removing lpc177x_8x_pwm.o(i.PWM_GetCaptureValue), (34 bytes).
    Removing lpc177x_8x_pwm.o(i.PWM_GetIntStatus), (28 bytes).
    Removing lpc177x_8x_pwm.o(i.PWM_GetPointer), (36 bytes).
    Removing lpc177x_8x_pwm.o(i.PWM_Init), (184 bytes).
    Removing lpc177x_8x_pwm.o(i.PWM_MatchUpdate), (106 bytes).
    Removing lpc177x_8x_pwm.o(i.PWM_ResetCounter), (30 bytes).
    Removing lpc177x_8x_qei.o(i.QEI_CalculateRPM), (150 bytes).
    Removing lpc177x_8x_qei.o(i.QEI_DeInit), (16 bytes).
    Removing lpc177x_8x_qei.o(i.QEI_GetCfgDefault), (36 bytes).
    Removing lpc177x_8x_qei.o(i.QEI_GetIndex), (16 bytes).
    Removing lpc177x_8x_qei.o(i.QEI_GetIntStatus), (30 bytes).
    Removing lpc177x_8x_qei.o(i.QEI_GetPointer), (16 bytes).
    Removing lpc177x_8x_qei.o(i.QEI_GetPosition), (16 bytes).
    Removing lpc177x_8x_qei.o(i.QEI_GetStatus), (28 bytes).
    Removing lpc177x_8x_qei.o(i.QEI_GetTimer), (16 bytes).
    Removing lpc177x_8x_qei.o(i.QEI_GetVelocity), (16 bytes).
    Removing lpc177x_8x_qei.o(i.QEI_GetVelocityCap), (16 bytes).
    Removing lpc177x_8x_qei.o(i.QEI_Init), (68 bytes).
    Removing lpc177x_8x_qei.o(i.QEI_IntClear), (20 bytes).
    Removing lpc177x_8x_qei.o(i.QEI_IntCmd), (32 bytes).
    Removing lpc177x_8x_qei.o(i.QEI_IntSet), (20 bytes).
    Removing lpc177x_8x_qei.o(i.QEI_Reset), (18 bytes).
    Removing lpc177x_8x_qei.o(i.QEI_SetDigiFilter), (26 bytes).
    Removing lpc177x_8x_qei.o(i.QEI_SetIndexComp), (18 bytes).
    Removing lpc177x_8x_qei.o(i.QEI_SetMaxPosition), (18 bytes).
    Removing lpc177x_8x_qei.o(i.QEI_SetPositionComp), (28 bytes).
    Removing lpc177x_8x_qei.o(i.QEI_SetTimerReload), (76 bytes).
    Removing lpc177x_8x_qei.o(i.QEI_SetVelocityComp), (18 bytes).
    Removing lpc177x_8x_rtc.o(i.RTC_AlarmIntConfig), (202 bytes).
    Removing lpc177x_8x_rtc.o(i.RTC_CalibConfig), (24 bytes).
    Removing lpc177x_8x_rtc.o(i.RTC_CalibCounterCmd), (24 bytes).
    Removing lpc177x_8x_rtc.o(i.RTC_ClearIntPending), (8 bytes).
    Removing lpc177x_8x_rtc.o(i.RTC_Cmd), (24 bytes).
    Removing lpc177x_8x_rtc.o(i.RTC_CntIncrIntConfig), (202 bytes).
    Removing lpc177x_8x_rtc.o(i.RTC_DeInit), (20 bytes).
    Removing lpc177x_8x_rtc.o(i.RTC_GetAlarmTime), (102 bytes).
    Removing lpc177x_8x_rtc.o(i.RTC_GetFullAlarmTime), (70 bytes).
    Removing lpc177x_8x_rtc.o(i.RTC_GetFullTime), (70 bytes).
    Removing lpc177x_8x_rtc.o(i.RTC_GetIntPending), (16 bytes).
    Removing lpc177x_8x_rtc.o(i.RTC_GetTime), (98 bytes).
    Removing lpc177x_8x_rtc.o(i.RTC_Init), (30 bytes).
    Removing lpc177x_8x_rtc.o(i.RTC_ReadGPREG), (16 bytes).
    Removing lpc177x_8x_rtc.o(i.RTC_ResetClockTickCounter), (18 bytes).
    Removing lpc177x_8x_rtc.o(i.RTC_SetAlarmTime), (232 bytes).
    Removing lpc177x_8x_rtc.o(i.RTC_SetFullAlarmTime), (70 bytes).
    Removing lpc177x_8x_rtc.o(i.RTC_SetFullTime), (70 bytes).
    Removing lpc177x_8x_rtc.o(i.RTC_SetTime), (228 bytes).
    Removing lpc177x_8x_rtc.o(i.RTC_WriteGPREG), (14 bytes).
    Removing lpc177x_8x_ssp.o(i.SSP_ClearIntPending), (4 bytes).
    Removing lpc177x_8x_ssp.o(i.SSP_Cmd), (24 bytes).
    Removing lpc177x_8x_ssp.o(i.SSP_ConfigStructInit), (28 bytes).
    Removing lpc177x_8x_ssp.o(i.SSP_DMACmd), (26 bytes).
    Removing lpc177x_8x_ssp.o(i.SSP_DeInit), (48 bytes).
    Removing lpc177x_8x_ssp.o(i.SSP_GetDataSize), (10 bytes).
    Removing lpc177x_8x_ssp.o(i.SSP_GetIntStatus), (16 bytes).
    Removing lpc177x_8x_ssp.o(i.SSP_GetRawIntStatus), (16 bytes).
    Removing lpc177x_8x_ssp.o(i.SSP_GetRawIntStatusReg), (6 bytes).
    Removing lpc177x_8x_ssp.o(i.SSP_GetStatus), (16 bytes).
    Removing lpc177x_8x_ssp.o(i.SSP_Init), (88 bytes).
    Removing lpc177x_8x_ssp.o(i.SSP_IntConfig), (26 bytes).
    Removing lpc177x_8x_ssp.o(i.SSP_LoopBackCmd), (24 bytes).
    Removing lpc177x_8x_ssp.o(i.SSP_ReadWrite), (540 bytes).
    Removing lpc177x_8x_ssp.o(i.SSP_ReceiveData), (8 bytes).
    Removing lpc177x_8x_ssp.o(i.SSP_SendData), (6 bytes).
    Removing lpc177x_8x_ssp.o(i.SSP_SlaveOutputCmd), (24 bytes).
    Removing lpc177x_8x_ssp.o(i.setSSPclock), (80 bytes).
    Removing lpc177x_8x_systick.o(i.SYSTICK_ClearCounterFlag), (18 bytes).
    Removing lpc177x_8x_systick.o(i.SYSTICK_Cmd), (40 bytes).
    Removing lpc177x_8x_systick.o(i.SYSTICK_ExternalInit), (110 bytes).
    Removing lpc177x_8x_systick.o(i.SYSTICK_GetCurrentValue), (8 bytes).
    Removing lpc177x_8x_systick.o(i.SYSTICK_IntCmd), (40 bytes).
    Removing lpc177x_8x_systick.o(i.SYSTICK_InternalInit), (92 bytes).
    Removing lpc177x_8x_timer.o(i.TIM_ClearIntCapturePending), (10 bytes).
    Removing lpc177x_8x_timer.o(i.TIM_ClearIntPending), (8 bytes).
    Removing lpc177x_8x_timer.o(i.TIM_Cmd), (24 bytes).
    Removing lpc177x_8x_timer.o(i.TIM_ConfigCapture), (84 bytes).
    Removing lpc177x_8x_timer.o(i.TIM_ConfigMatch), (172 bytes).
    Removing lpc177x_8x_timer.o(i.TIM_ConfigStructInit), (22 bytes).
    Removing lpc177x_8x_timer.o(i.TIM_DeInit), (88 bytes).
    Removing lpc177x_8x_timer.o(i.TIM_GetCaptureValue), (12 bytes).
    Removing lpc177x_8x_timer.o(i.TIM_GetIntCaptureStatus), (26 bytes).
    Removing lpc177x_8x_timer.o(i.TIM_GetIntStatus), (24 bytes).
    Removing lpc177x_8x_timer.o(i.TIM_Init), (196 bytes).
    Removing lpc177x_8x_timer.o(i.TIM_ResetCounter), (18 bytes).
    Removing lpc177x_8x_timer.o(i.TIM_UpdateMatchValue), (40 bytes).
    Removing lpc177x_8x_timer.o(i.TIM_Waitms), (18 bytes).
    Removing lpc177x_8x_timer.o(i.TIM_Waitus), (88 bytes).
    Removing lpc177x_8x_timer.o(i.converPtrToTimeNum), (60 bytes).
    Removing lpc177x_8x_timer.o(i.converUSecToVal), (56 bytes).
    Removing lpc177x_8x_timer.o(i.getPClock), (16 bytes).
    Removing lpc177x_8x_uart.o(i.UART_ABClearIntPending), (28 bytes).
    Removing lpc177x_8x_uart.o(i.UART_ABCmd), (132 bytes).
    Removing lpc177x_8x_uart.o(i.UART_CheckBusy), (18 bytes).
    Removing lpc177x_8x_uart.o(i.UART_ConfigStructInit), (18 bytes).
    Removing lpc177x_8x_uart.o(i.UART_DeInit), (92 bytes).
    Removing lpc177x_8x_uart.o(i.UART_FIFOConfig), (108 bytes).
    Removing lpc177x_8x_uart.o(i.UART_FIFOConfigStructInit), (14 bytes).
    Removing lpc177x_8x_uart.o(i.UART_ForceBreak), (32 bytes).
    Removing lpc177x_8x_uart.o(i.UART_FullModemConfigMode), (56 bytes).
    Removing lpc177x_8x_uart.o(i.UART_FullModemForcePinState), (48 bytes).
    Removing lpc177x_8x_uart.o(i.UART_FullModemGetStatus), (6 bytes).
    Removing lpc177x_8x_uart.o(i.UART_GetIntId), (12 bytes).
    Removing lpc177x_8x_uart.o(i.UART_GetLineStatus), (20 bytes).
    Removing lpc177x_8x_uart.o(i.UART_Init), (324 bytes).
    Removing lpc177x_8x_uart.o(i.UART_IntConfig), (120 bytes).
    Removing lpc177x_8x_uart.o(i.UART_IrDACmd), (32 bytes).
    Removing lpc177x_8x_uart.o(i.UART_IrDAInvtInputCmd), (34 bytes).
    Removing lpc177x_8x_uart.o(i.UART_IrDAPulseDivConfig), (30 bytes).
    Removing lpc177x_8x_uart.o(i.UART_RS485Config), (100 bytes).
    Removing lpc177x_8x_uart.o(i.UART_RS485ReceiverCmd), (32 bytes).
    Removing lpc177x_8x_uart.o(i.UART_RS485Send), (88 bytes).
    Removing lpc177x_8x_uart.o(i.UART_RS485SendData), (22 bytes).
    Removing lpc177x_8x_uart.o(i.UART_RS485SendSlvAddr), (18 bytes).
    Removing lpc177x_8x_uart.o(i.UART_Receive), (114 bytes).
    Removing lpc177x_8x_uart.o(i.UART_ReceiveByte), (20 bytes).
    Removing lpc177x_8x_uart.o(i.UART_Send), (152 bytes).
    Removing lpc177x_8x_uart.o(i.UART_SendByte), (20 bytes).
    Removing lpc177x_8x_uart.o(i.UART_TxCmd), (72 bytes).
    Removing lpc177x_8x_uart.o(i.uart_set_divisors), (404 bytes).
    Removing lpc177x_8x_usbhost.o(i.Host_CtrlInit), (264 bytes).
    Removing lpc177x_8x_usbhost.o(i.Host_CtrlRecv), (104 bytes).
    Removing lpc177x_8x_usbhost.o(i.Host_CtrlSend), (104 bytes).
    Removing lpc177x_8x_usbhost.o(i.Host_DelayMS), (32 bytes).
    Removing lpc177x_8x_usbhost.o(i.Host_DelayUS), (24 bytes).
    Removing lpc177x_8x_usbhost.o(i.Host_EDInit), (12 bytes).
    Removing lpc177x_8x_usbhost.o(i.Host_EnumDev), (340 bytes).
    Removing lpc177x_8x_usbhost.o(i.Host_FillSetup), (92 bytes).
    Removing lpc177x_8x_usbhost.o(i.Host_GetDeviceType), (12 bytes).
    Removing lpc177x_8x_usbhost.o(i.Host_HCCAInit), (26 bytes).
    Removing lpc177x_8x_usbhost.o(i.Host_Init), (236 bytes).
    Removing lpc177x_8x_usbhost.o(i.Host_ParseConfiguration), (228 bytes).
    Removing lpc177x_8x_usbhost.o(i.Host_ProcessTD), (240 bytes).
    Removing lpc177x_8x_usbhost.o(i.Host_TDInit), (12 bytes).
    Removing lpc177x_8x_usbhost.o(i.Host_WDHWait), (24 bytes).
    Removing lpc177x_8x_usbhost.o(i.ReadBE16U), (22 bytes).
    Removing lpc177x_8x_usbhost.o(i.ReadBE32U), (32 bytes).
    Removing lpc177x_8x_usbhost.o(i.ReadLE16U), (22 bytes).
    Removing lpc177x_8x_usbhost.o(i.ReadLE32U), (32 bytes).
    Removing lpc177x_8x_usbhost.o(i.WriteBE16U), (16 bytes).
    Removing lpc177x_8x_usbhost.o(i.WriteBE32U), (28 bytes).
    Removing lpc177x_8x_usbhost.o(i.WriteLE16U), (16 bytes).
    Removing lpc177x_8x_usbhost.o(i.WriteLE32U), (28 bytes).
    Removing lpc177x_8x_wwdt.o(i.WDT_UpdateTimeOut), (66 bytes).
    Removing lpc177x_8x_wwdt.o(i.WWDT_ClearStatusFlag), (38 bytes).
    Removing lpc177x_8x_wwdt.o(i.WWDT_ClrTimeOutFlag), (18 bytes).
    Removing lpc177x_8x_wwdt.o(i.WWDT_Cmd), (44 bytes).
    Removing lpc177x_8x_wwdt.o(i.WWDT_Configure), (142 bytes).
    Removing lpc177x_8x_wwdt.o(i.WWDT_Enable), (36 bytes).
    Removing lpc177x_8x_wwdt.o(i.WWDT_Feed), (12 bytes).
    Removing lpc177x_8x_wwdt.o(i.WWDT_FeedStdSeq), (12 bytes).
    Removing lpc177x_8x_wwdt.o(i.WWDT_GetCurrentCount), (8 bytes).
    Removing lpc177x_8x_wwdt.o(i.WWDT_GetStatus), (34 bytes).
    Removing lpc177x_8x_wwdt.o(i.WWDT_Init), (12 bytes).
    Removing lpc177x_8x_wwdt.o(i.WWDT_SetMode), (78 bytes).
    Removing lpc177x_8x_wwdt.o(i.WWDT_SetTimeOut), (12 bytes).
    Removing lpc177x_8x_wwdt.o(i.WWDT_SetTimeOutRaw), (36 bytes).
    Removing lpc177x_8x_wwdt.o(i.WWDT_SetTimerConstant), (8 bytes).
    Removing lpc177x_8x_wwdt.o(i.WWDT_SetWarning), (12 bytes).
    Removing lpc177x_8x_wwdt.o(i.WWDT_SetWarningRaw), (36 bytes).
    Removing lpc177x_8x_wwdt.o(i.WWDT_SetWindow), (12 bytes).
    Removing lpc177x_8x_wwdt.o(i.WWDT_SetWindowRaw), (36 bytes).
    Removing lpc177x_8x_wwdt.o(i.WWDT_Start), (24 bytes).
    Removing core_cm3.o(.emb_text), (32 bytes).
    Removing system_lpc177x_8x.o(i.SystemCoreClockUpdate), (700 bytes).
    Removing uart0.o(i.UART0Getch), (72 bytes).
    Removing uart0.o(i.UART0Put_str), (28 bytes).
    Removing user_queue.o(i.QueueFlush), (32 bytes).
    Removing user_queue.o(i.Queue_find_data), (44 bytes).
    Removing heap_1.o(i.vPortInitialiseBlocks), (12 bytes).
    Removing heap_1.o(i.xPortGetFreeHeapSize), (16 bytes).
    Removing queue.o(i.pcQueueGetName), (44 bytes).
    Removing queue.o(i.prvCopyDataFromQueue), (42 bytes).
    Removing queue.o(i.prvCopyDataToQueue), (124 bytes).
    Removing queue.o(i.prvInitialiseMutex), (28 bytes).
    Removing queue.o(i.prvIsQueueEmpty), (26 bytes).
    Removing queue.o(i.prvIsQueueFull), (30 bytes).
    Removing queue.o(i.prvUnlockQueue), (126 bytes).
    Removing queue.o(i.ucQueueGetQueueType), (8 bytes).
    Removing queue.o(i.uxQueueGetQueueNumber), (6 bytes).
    Removing queue.o(i.uxQueueMessagesWaiting), (18 bytes).
    Removing queue.o(i.uxQueueMessagesWaitingFromISR), (6 bytes).
    Removing queue.o(i.uxQueueSpacesAvailable), (24 bytes).
    Removing queue.o(i.vQueueAddToRegistry), (44 bytes).
    Removing queue.o(i.vQueueDelete), (20 bytes).
    Removing queue.o(i.vQueueSetQueueNumber), (4 bytes).
    Removing queue.o(i.vQueueUnregisterQueue), (48 bytes).
    Removing queue.o(i.xQueueCreateMutex), (34 bytes).
    Removing queue.o(i.xQueueGenericReceive), (348 bytes).
    Removing queue.o(i.xQueueGenericSend), (280 bytes).
    Removing queue.o(i.xQueueGenericSendFromISR), (134 bytes).
    Removing queue.o(i.xQueueGiveMutexRecursive), (48 bytes).
    Removing queue.o(i.xQueueIsQueueEmptyFromISR), (14 bytes).
    Removing queue.o(i.xQueueIsQueueFullFromISR), (18 bytes).
    Removing queue.o(i.xQueuePeekFromISR), (74 bytes).
    Removing queue.o(i.xQueueReceiveFromISR), (130 bytes).
    Removing queue.o(i.xQueueTakeMutexRecursive), (58 bytes).
    Removing queue.o(.bss), (80 bytes).
    Removing tasks.o(i.eTaskGetState), (108 bytes).
    Removing tasks.o(i.pcTaskGetName), (24 bytes).
    Removing tasks.o(i.prvListTasksWithinSingleList), (106 bytes).
    Removing tasks.o(i.prvTaskCheckFreeStackSpace), (22 bytes).
    Removing tasks.o(i.prvTaskIsTaskSuspended), (64 bytes).
    Removing tasks.o(i.prvWriteNameToBuffer), (42 bytes).
    Removing tasks.o(i.pvTaskIncrementMutexHeldCount), (32 bytes).
    Removing tasks.o(i.ulTaskNotifyTake), (116 bytes).
    Removing tasks.o(i.uxTaskGetNumberOfTasks), (12 bytes).
    Removing tasks.o(i.uxTaskGetStackHighWaterMark), (40 bytes).
    Removing tasks.o(i.uxTaskGetSystemState), (176 bytes).
    Removing tasks.o(i.uxTaskGetTaskNumber), (14 bytes).
    Removing tasks.o(i.uxTaskPriorityGet), (36 bytes).
    Removing tasks.o(i.uxTaskPriorityGetFromISR), (56 bytes).
    Removing tasks.o(i.uxTaskResetEventItemValue), (28 bytes).
    Removing tasks.o(i.vTaskDelayUntil), (116 bytes).
    Removing tasks.o(i.vTaskDelete), (204 bytes).
    Removing tasks.o(i.vTaskEndScheduler), (36 bytes).
    Removing tasks.o(i.vTaskGetInfo), (120 bytes).
    Removing tasks.o(i.vTaskList), (224 bytes).
    Removing tasks.o(i.vTaskMissedYield), (12 bytes).
    Removing tasks.o(i.vTaskNotifyGiveFromISR), (180 bytes).
    Removing tasks.o(i.vTaskPlaceOnEventList), (32 bytes).
    Removing tasks.o(i.vTaskPlaceOnUnorderedEventList), (44 bytes).
    Removing tasks.o(i.vTaskPriorityInherit), (176 bytes).
    Removing tasks.o(i.vTaskPrioritySet), (244 bytes).
    Removing tasks.o(i.vTaskResume), (120 bytes).
    Removing tasks.o(i.vTaskSetTaskNumber), (8 bytes).
    Removing tasks.o(i.vTaskSetTimeOutState), (24 bytes).
    Removing tasks.o(i.vTaskSuspend), (188 bytes).
    Removing tasks.o(i.xTaskCheckForTimeOut), (92 bytes).
    Removing tasks.o(i.xTaskGenericNotify), (196 bytes).
    Removing tasks.o(i.xTaskGenericNotifyFromISR), (252 bytes).
    Removing tasks.o(i.xTaskGetCurrentTaskHandle), (12 bytes).
    Removing tasks.o(i.xTaskGetTickCount), (12 bytes).
    Removing tasks.o(i.xTaskGetTickCountFromISR), (12 bytes).
    Removing tasks.o(i.xTaskNotifyStateClear), (52 bytes).
    Removing tasks.o(i.xTaskNotifyWait), (160 bytes).
    Removing tasks.o(i.xTaskPriorityDisinherit), (132 bytes).
    Removing tasks.o(i.xTaskRemoveFromUnorderedEventList), (112 bytes).
    Removing tasks.o(i.xTaskResumeFromISR), (152 bytes).
    Removing event_groups.o(i.prvTestWaitCondition), (30 bytes).
    Removing event_groups.o(i.uxEventGroupGetNumber), (14 bytes).
    Removing event_groups.o(i.vEventGroupClearBitsCallback), (16 bytes).
    Removing event_groups.o(i.vEventGroupDelete), (42 bytes).
    Removing event_groups.o(i.vEventGroupSetBitsCallback), (16 bytes).
    Removing event_groups.o(i.xEventGroupClearBits), (32 bytes).
    Removing event_groups.o(i.xEventGroupCreate), (26 bytes).
    Removing event_groups.o(i.xEventGroupGetBitsFromISR), (44 bytes).
    Removing event_groups.o(i.xEventGroupSetBits), (146 bytes).
    Removing event_groups.o(i.xEventGroupSync), (164 bytes).
    Removing event_groups.o(i.xEventGroupWaitBits), (200 bytes).
    Removing port.o(i.vPortEndScheduler), (2 bytes).

578 unused section(s) (total 51153 bytes) removed from the image.

==============================================================================

Image Symbol Table

    Local Symbols

    Symbol Name                              Value     Ov Type        Size  Object(Section)

    RESET                                    0x00000000   Section      196  startup_lpc17xx.o(RESET)
    ../clib/angel/boardlib.s                 0x00000000   Number         0  boardshut.o ABSOLUTE
    ../clib/angel/boardlib.s                 0x00000000   Number         0  boardinit1.o ABSOLUTE
    ../clib/angel/boardlib.s                 0x00000000   Number         0  boardinit2.o ABSOLUTE
    ../clib/angel/boardlib.s                 0x00000000   Number         0  boardinit3.o ABSOLUTE
    ../clib/angel/handlers.s                 0x00000000   Number         0  __scatter_copy.o ABSOLUTE
    ../clib/angel/handlers.s                 0x00000000   Number         0  __scatter_zi.o ABSOLUTE
    ../clib/angel/kernel.s                   0x00000000   Number         0  rtexit2.o ABSOLUTE
    ../clib/angel/kernel.s                   0x00000000   Number         0  rtexit.o ABSOLUTE
    ../clib/angel/kernel.s                   0x00000000   Number         0  __rtentry2.o ABSOLUTE
    ../clib/angel/kernel.s                   0x00000000   Number         0  __rtentry4.o ABSOLUTE
    ../clib/angel/kernel.s                   0x00000000   Number         0  __rtentry.o ABSOLUTE
    ../clib/angel/rt.s                       0x00000000   Number         0  rt_raise.o ABSOLUTE
    ../clib/angel/rt.s                       0x00000000   Number         0  rt_div0.o ABSOLUTE
    ../clib/angel/rt.s                       0x00000000   Number         0  aeabi_ldiv0_sigfpe.o ABSOLUTE
    ../clib/angel/rt.s                       0x00000000   Number         0  aeabi_ldiv0.o ABSOLUTE
    ../clib/angel/scatter.s                  0x00000000   Number         0  __scatter.o ABSOLUTE
    ../clib/angel/startup.s                  0x00000000   Number         0  __main.o ABSOLUTE
    ../clib/angel/sys.s                      0x00000000   Number         0  libspace.o ABSOLUTE
    ../clib/angel/sys.s                      0x00000000   Number         0  use_no_semi.o ABSOLUTE
    ../clib/angel/sys.s                      0x00000000   Number         0  indicate_semi.o ABSOLUTE
    ../clib/angel/sys.s                      0x00000000   Number         0  sys_stackheap_outer.o ABSOLUTE
    ../clib/angel/sysapp.c                   0x00000000   Number         0  sys_wrch.o ABSOLUTE
    ../clib/angel/sysapp.c                   0x00000000   Number         0  sys_command.o ABSOLUTE
    ../clib/angel/sysapp.c                   0x00000000   Number         0  sys_exit.o ABSOLUTE
    ../clib/armsys.c                         0x00000000   Number         0  _get_argv_nomalloc.o ABSOLUTE
    ../clib/armsys.c                         0x00000000   Number         0  argv_veneer.o ABSOLUTE
    ../clib/armsys.c                         0x00000000   Number         0  no_argv.o ABSOLUTE
    ../clib/armsys.c                         0x00000000   Number         0  argv_veneer.o ABSOLUTE
    ../clib/heapalloc.c                      0x00000000   Number         0  hrguard.o ABSOLUTE
    ../clib/heapaux.c                        0x00000000   Number         0  heapauxi.o ABSOLUTE
    ../clib/libinit.s                        0x00000000   Number         0  libshutdown2.o ABSOLUTE
    ../clib/libinit.s                        0x00000000   Number         0  libinit.o ABSOLUTE
    ../clib/libinit.s                        0x00000000   Number         0  libshutdown.o ABSOLUTE
    ../clib/libinit.s                        0x00000000   Number         0  libinit2.o ABSOLUTE
    ../clib/longlong.s                       0x00000000   Number         0  lludivv7m.o ABSOLUTE
    ../clib/memcpset.s                       0x00000000   Number         0  rt_memclr_w.o ABSOLUTE
    ../clib/memcpset.s                       0x00000000   Number         0  rt_memclr.o ABSOLUTE
    ../clib/memcpset.s                       0x00000000   Number         0  aeabi_memset.o ABSOLUTE
    ../clib/memcpset.s                       0x00000000   Number         0  rt_memcpy_w.o ABSOLUTE
    ../clib/memcpset.s                       0x00000000   Number         0  rt_memcpy_v6.o ABSOLUTE
    ../clib/printf.c                         0x00000000   Number         0  __printf.o ABSOLUTE
    ../clib/printf.c                         0x00000000   Number         0  noretval__2sprintf.o ABSOLUTE
    ../clib/printf.c                         0x00000000   Number         0  __2sprintf.o ABSOLUTE
    ../clib/printf.c                         0x00000000   Number         0  _sputc.o ABSOLUTE
    ../clib/printf.c                         0x00000000   Number         0  _printf_str.o ABSOLUTE
    ../clib/printf.c                         0x00000000   Number         0  __printf_flags_ss_wp.o ABSOLUTE
    ../clib/printf.c                         0x00000000   Number         0  __printf_ss_wp.o ABSOLUTE
    ../clib/printf.c                         0x00000000   Number         0  _printf_char.o ABSOLUTE
    ../clib/printf.c                         0x00000000   Number         0  _printf_char_common.o ABSOLUTE
    ../clib/printf.c                         0x00000000   Number         0  _printf_intcommon.o ABSOLUTE
    ../clib/printf.c                         0x00000000   Number         0  __printf_flags_wp.o ABSOLUTE
    ../clib/printf.c                         0x00000000   Number         0  __printf_wp.o ABSOLUTE
    ../clib/printf.c                         0x00000000   Number         0  __printf_flags_ss.o ABSOLUTE
    ../clib/printf.c                         0x00000000   Number         0  __printf_ss.o ABSOLUTE
    ../clib/printf.c                         0x00000000   Number         0  __printf_nopercent.o ABSOLUTE
    ../clib/printf.c                         0x00000000   Number         0  __printf_flags.o ABSOLUTE
    ../clib/printf.c                         0x00000000   Number         0  _printf_dec.o ABSOLUTE
    ../clib/printf_percent.s                 0x00000000   Number         0  _printf_percent.o ABSOLUTE
    ../clib/printf_percent.s                 0x00000000   Number         0  _printf_percent_end.o ABSOLUTE
    ../clib/printf_percent.s                 0x00000000   Number         0  _printf_u.o ABSOLUTE
    ../clib/printf_percent.s                 0x00000000   Number         0  _printf_c.o ABSOLUTE
    ../clib/signal.c                         0x00000000   Number         0  defsig_cppl_inner.o ABSOLUTE
    ../clib/signal.c                         0x00000000   Number         0  defsig_pvfn_inner.o ABSOLUTE
    ../clib/signal.c                         0x00000000   Number         0  defsig_stak_inner.o ABSOLUTE
    ../clib/signal.c                         0x00000000   Number         0  defsig_rtmem_formal.o ABSOLUTE
    ../clib/signal.c                         0x00000000   Number         0  defsig_rtmem_outer.o ABSOLUTE
    ../clib/signal.c                         0x00000000   Number         0  defsig_fpe_formal.o ABSOLUTE
    ../clib/signal.c                         0x00000000   Number         0  defsig_rtred_inner.o ABSOLUTE
    ../clib/signal.c                         0x00000000   Number         0  defsig_abrt_inner.o ABSOLUTE
    ../clib/signal.c                         0x00000000   Number         0  defsig_rtmem_inner.o ABSOLUTE
    ../clib/signal.c                         0x00000000   Number         0  defsig_other.o ABSOLUTE
    ../clib/signal.c                         0x00000000   Number         0  defsig_segv_inner.o ABSOLUTE
    ../clib/signal.c                         0x00000000   Number         0  defsig_general.o ABSOLUTE
    ../clib/signal.c                         0x00000000   Number         0  defsig_fpe_outer.o ABSOLUTE
    ../clib/signal.c                         0x00000000   Number         0  __raise.o ABSOLUTE
    ../clib/signal.c                         0x00000000   Number         0  defsig_fpe_inner.o ABSOLUTE
    ../clib/signal.c                         0x00000000   Number         0  defsig_exit.o ABSOLUTE
    ../clib/signal.s                         0x00000000   Number         0  defsig.o ABSOLUTE
    ../clib/stdlib.c                         0x00000000   Number         0  exit.o ABSOLUTE
    ../clib/string.c                         0x00000000   Number         0  strlen.o ABSOLUTE
    ../clib/string.c                         0x00000000   Number         0  strcpy.o ABSOLUTE
    ../fplib/fcmpi.s                         0x00000000   Number         0  fcmpi.o ABSOLUTE
    ../fplib/fflt.s                          0x00000000   Number         0  fflt_clz.o ABSOLUTE
    ../fplib/fleqf.s                         0x00000000   Number         0  fleqf.o ABSOLUTE
    ../fplib/fnaninf.s                       0x00000000   Number         0  fnaninf.o ABSOLUTE
    ../fplib/fpinit.s                        0x00000000   Number         0  fpinit.o ABSOLUTE
    ../fplib/frleqf.s                        0x00000000   Number         0  frleqf.o ABSOLUTE
    ../fplib/usenofp.s                       0x00000000   Number         0  usenofp.o ABSOLUTE
    ..\FreeRTOS\croutine.c                   0x00000000   Number         0  croutine.o ABSOLUTE
    ..\FreeRTOS\event_groups.c               0x00000000   Number         0  event_groups.o ABSOLUTE
    ..\FreeRTOS\heap_1.c                     0x00000000   Number         0  heap_1.o ABSOLUTE
    ..\FreeRTOS\list.c                       0x00000000   Number         0  list.o ABSOLUTE
    ..\FreeRTOS\portable\port.c              0x00000000   Number         0  port.o ABSOLUTE
    ..\FreeRTOS\queue.c                      0x00000000   Number         0  queue.o ABSOLUTE
    ..\FreeRTOS\tasks.c                      0x00000000   Number         0  tasks.o ABSOLUTE
    ..\FreeRTOS\timers.c                     0x00000000   Number         0  timers.o ABSOLUTE
    ..\Hardware\FreeRTOS\src\uart0.c         0x00000000   Number         0  uart0.o ABSOLUTE
    ..\Hardware\FreeRTOS\src\user_queue.c    0x00000000   Number         0  user_queue.o ABSOLUTE
    ..\Libraries\Drivers\source\debug_frmwrk.c 0x00000000   Number         0  debug_frmwrk.o ABSOLUTE
    ..\Libraries\Drivers\source\lpc177x_8x_adc.c 0x00000000   Number         0  lpc177x_8x_adc.o ABSOLUTE
    ..\Libraries\Drivers\source\lpc177x_8x_can.c 0x00000000   Number         0  lpc177x_8x_can.o ABSOLUTE
    ..\Libraries\Drivers\source\lpc177x_8x_clkpwr.c 0x00000000   Number         0  lpc177x_8x_clkpwr.o ABSOLUTE
    ..\Libraries\Drivers\source\lpc177x_8x_crc.c 0x00000000   Number         0  lpc177x_8x_crc.o ABSOLUTE
    ..\Libraries\Drivers\source\lpc177x_8x_dac.c 0x00000000   Number         0  lpc177x_8x_dac.o ABSOLUTE
    ..\Libraries\Drivers\source\lpc177x_8x_eeprom.c 0x00000000   Number         0  lpc177x_8x_eeprom.o ABSOLUTE
    ..\Libraries\Drivers\source\lpc177x_8x_emac.c 0x00000000   Number         0  lpc177x_8x_emac.o ABSOLUTE
    ..\Libraries\Drivers\source\lpc177x_8x_emc.c 0x00000000   Number         0  lpc177x_8x_emc.o ABSOLUTE
    ..\Libraries\Drivers\source\lpc177x_8x_exti.c 0x00000000   Number         0  lpc177x_8x_exti.o ABSOLUTE
    ..\Libraries\Drivers\source\lpc177x_8x_gpdma.c 0x00000000   Number         0  lpc177x_8x_gpdma.o ABSOLUTE
    ..\Libraries\Drivers\source\lpc177x_8x_gpio.c 0x00000000   Number         0  lpc177x_8x_gpio.o ABSOLUTE
    ..\Libraries\Drivers\source\lpc177x_8x_i2c.c 0x00000000   Number         0  lpc177x_8x_i2c.o ABSOLUTE
    ..\Libraries\Drivers\source\lpc177x_8x_i2s.c 0x00000000   Number         0  lpc177x_8x_i2s.o ABSOLUTE
    ..\Libraries\Drivers\source\lpc177x_8x_iap.c 0x00000000   Number         0  lpc177x_8x_iap.o ABSOLUTE
    ..\Libraries\Drivers\source\lpc177x_8x_lcd.c 0x00000000   Number         0  lpc177x_8x_lcd.o ABSOLUTE
    ..\Libraries\Drivers\source\lpc177x_8x_mci.c 0x00000000   Number         0  lpc177x_8x_mci.o ABSOLUTE
    ..\Libraries\Drivers\source\lpc177x_8x_mcpwm.c 0x00000000   Number         0  lpc177x_8x_mcpwm.o ABSOLUTE
    ..\Libraries\Drivers\source\lpc177x_8x_nvic.c 0x00000000   Number         0  lpc177x_8x_nvic.o ABSOLUTE
    ..\Libraries\Drivers\source\lpc177x_8x_pinsel.c 0x00000000   Number         0  lpc177x_8x_pinsel.o ABSOLUTE
    ..\Libraries\Drivers\source\lpc177x_8x_pwm.c 0x00000000   Number         0  lpc177x_8x_pwm.o ABSOLUTE
    ..\Libraries\Drivers\source\lpc177x_8x_qei.c 0x00000000   Number         0  lpc177x_8x_qei.o ABSOLUTE
    ..\Libraries\Drivers\source\lpc177x_8x_rtc.c 0x00000000   Number         0  lpc177x_8x_rtc.o ABSOLUTE
    ..\Libraries\Drivers\source\lpc177x_8x_ssp.c 0x00000000   Number         0  lpc177x_8x_ssp.o ABSOLUTE
    ..\Libraries\Drivers\source\lpc177x_8x_systick.c 0x00000000   Number         0  lpc177x_8x_systick.o ABSOLUTE
    ..\Libraries\Drivers\source\lpc177x_8x_timer.c 0x00000000   Number         0  lpc177x_8x_timer.o ABSOLUTE
    ..\Libraries\Drivers\source\lpc177x_8x_uart.c 0x00000000   Number         0  lpc177x_8x_uart.o ABSOLUTE
    ..\Libraries\Drivers\source\lpc177x_8x_usbhost.c 0x00000000   Number         0  lpc177x_8x_usbhost.o ABSOLUTE
    ..\Libraries\Drivers\source\lpc177x_8x_wwdt.c 0x00000000   Number         0  lpc177x_8x_wwdt.o ABSOLUTE
    ..\Startup\core_cm3.c                    0x00000000   Number         0  core_cm3.o ABSOLUTE
    ..\Startup\startup_LPC17xx.s             0x00000000   Number         0  startup_lpc17xx.o ABSOLUTE
    ..\Startup\system_LPC177x_8x.c           0x00000000   Number         0  system_lpc177x_8x.o ABSOLUTE
    ..\User\main.c                           0x00000000   Number         0  main.o ABSOLUTE
    ..\\FreeRTOS\\portable\\port.c           0x00000000   Number         0  port.o ABSOLUTE
    ..\\Startup\\core_cm3.c                  0x00000000   Number         0  core_cm3.o ABSOLUTE
    dc.s                                     0x00000000   Number         0  dc.o ABSOLUTE
    !!!main                                  0x000000c4   Section        8  __main.o(!!!main)
    !!!scatter                               0x000000cc   Section       52  __scatter.o(!!!scatter)
    !!handler_copy                           0x00000100   Section       26  __scatter_copy.o(!!handler_copy)
    !!handler_zi                             0x0000011c   Section       28  __scatter_zi.o(!!handler_zi)
    .ARM.Collect$$libinit$$00000000          0x00000138   Section        2  libinit.o(.ARM.Collect$$libinit$$00000000)
    .ARM.Collect$$libinit$$00000002          0x0000013a   Section        0  libinit2.o(.ARM.Collect$$libinit$$00000002)
    .ARM.Collect$$libinit$$00000004          0x0000013a   Section        0  libinit2.o(.ARM.Collect$$libinit$$00000004)
    .ARM.Collect$$libinit$$0000000A          0x0000013a   Section        0  libinit2.o(.ARM.Collect$$libinit$$0000000A)
    .ARM.Collect$$libinit$$0000000C          0x0000013a   Section        0  libinit2.o(.ARM.Collect$$libinit$$0000000C)
    .ARM.Collect$$libinit$$0000000E          0x0000013a   Section        0  libinit2.o(.ARM.Collect$$libinit$$0000000E)
    .ARM.Collect$$libinit$$00000011          0x0000013a   Section        0  libinit2.o(.ARM.Collect$$libinit$$00000011)
    .ARM.Collect$$libinit$$00000013          0x0000013a   Section        0  libinit2.o(.ARM.Collect$$libinit$$00000013)
    .ARM.Collect$$libinit$$00000015          0x0000013a   Section        0  libinit2.o(.ARM.Collect$$libinit$$00000015)
    .ARM.Collect$$libinit$$00000017          0x0000013a   Section        0  libinit2.o(.ARM.Collect$$libinit$$00000017)
    .ARM.Collect$$libinit$$00000019          0x0000013a   Section        0  libinit2.o(.ARM.Collect$$libinit$$00000019)
    .ARM.Collect$$libinit$$0000001B          0x0000013a   Section        0  libinit2.o(.ARM.Collect$$libinit$$0000001B)
    .ARM.Collect$$libinit$$0000001D          0x0000013a   Section        0  libinit2.o(.ARM.Collect$$libinit$$0000001D)
    .ARM.Collect$$libinit$$0000001F          0x0000013a   Section        0  libinit2.o(.ARM.Collect$$libinit$$0000001F)
    .ARM.Collect$$libinit$$00000021          0x0000013a   Section        0  libinit2.o(.ARM.Collect$$libinit$$00000021)
    .ARM.Collect$$libinit$$00000023          0x0000013a   Section        0  libinit2.o(.ARM.Collect$$libinit$$00000023)
    .ARM.Collect$$libinit$$00000025          0x0000013a   Section        0  libinit2.o(.ARM.Collect$$libinit$$00000025)
    .ARM.Collect$$libinit$$0000002C          0x0000013a   Section        0  libinit2.o(.ARM.Collect$$libinit$$0000002C)
    .ARM.Collect$$libinit$$0000002E          0x0000013a   Section        0  libinit2.o(.ARM.Collect$$libinit$$0000002E)
    .ARM.Collect$$libinit$$00000030          0x0000013a   Section        0  libinit2.o(.ARM.Collect$$libinit$$00000030)
    .ARM.Collect$$libinit$$00000032          0x0000013a   Section        0  libinit2.o(.ARM.Collect$$libinit$$00000032)
    .ARM.Collect$$libinit$$00000033          0x0000013a   Section        2  libinit2.o(.ARM.Collect$$libinit$$00000033)
    .ARM.Collect$$libshutdown$$00000000      0x0000013c   Section        2  libshutdown.o(.ARM.Collect$$libshutdown$$00000000)
    .ARM.Collect$$libshutdown$$00000002      0x0000013e   Section        0  libshutdown2.o(.ARM.Collect$$libshutdown$$00000002)
    .ARM.Collect$$libshutdown$$00000004      0x0000013e   Section        0  libshutdown2.o(.ARM.Collect$$libshutdown$$00000004)
    .ARM.Collect$$libshutdown$$00000007      0x0000013e   Section        0  libshutdown2.o(.ARM.Collect$$libshutdown$$00000007)
    .ARM.Collect$$libshutdown$$0000000A      0x0000013e   Section        0  libshutdown2.o(.ARM.Collect$$libshutdown$$0000000A)
    .ARM.Collect$$libshutdown$$0000000C      0x0000013e   Section        0  libshutdown2.o(.ARM.Collect$$libshutdown$$0000000C)
    .ARM.Collect$$libshutdown$$0000000F      0x0000013e   Section        0  libshutdown2.o(.ARM.Collect$$libshutdown$$0000000F)
    .ARM.Collect$$libshutdown$$00000010      0x0000013e   Section        2  libshutdown2.o(.ARM.Collect$$libshutdown$$00000010)
    .ARM.Collect$$rtentry$$00000000          0x00000140   Section        0  __rtentry.o(.ARM.Collect$$rtentry$$00000000)
    .ARM.Collect$$rtentry$$00000002          0x00000140   Section        0  __rtentry2.o(.ARM.Collect$$rtentry$$00000002)
    .ARM.Collect$$rtentry$$00000004          0x00000140   Section        6  __rtentry4.o(.ARM.Collect$$rtentry$$00000004)
    .ARM.Collect$$rtentry$$00000009          0x00000146   Section        0  __rtentry2.o(.ARM.Collect$$rtentry$$00000009)
    .ARM.Collect$$rtentry$$0000000A          0x00000146   Section        4  __rtentry2.o(.ARM.Collect$$rtentry$$0000000A)
    .ARM.Collect$$rtentry$$0000000C          0x0000014a   Section        0  __rtentry2.o(.ARM.Collect$$rtentry$$0000000C)
    .ARM.Collect$$rtentry$$0000000D          0x0000014a   Section        8  __rtentry2.o(.ARM.Collect$$rtentry$$0000000D)
    .ARM.Collect$$rtexit$$00000000           0x00000152   Section        2  rtexit.o(.ARM.Collect$$rtexit$$00000000)
    .ARM.Collect$$rtexit$$00000002           0x00000154   Section        0  rtexit2.o(.ARM.Collect$$rtexit$$00000002)
    .ARM.Collect$$rtexit$$00000003           0x00000154   Section        4  rtexit2.o(.ARM.Collect$$rtexit$$00000003)
    .ARM.Collect$$rtexit$$00000004           0x00000158   Section        6  rtexit2.o(.ARM.Collect$$rtexit$$00000004)
    .emb_text                                0x00000160   Section      150  port.o(.emb_text)
    .text                                    0x000001f8   Section       60  startup_lpc17xx.o(.text)
    .text                                    0x00000234   Section       16  aeabi_memset.o(.text)
    .text                                    0x00000244   Section        0  heapauxi.o(.text)
    .text                                    0x0000024a   Section       68  rt_memclr.o(.text)
    .text                                    0x0000028e   Section       78  rt_memclr_w.o(.text)
    .text                                    0x000002dc   Section        0  exit.o(.text)
    .text                                    0x000002f0   Section        8  libspace.o(.text)
    .text                                    0x000002f8   Section        2  use_no_semi.o(.text)
    .text                                    0x000002fa   Section        0  indicate_semi.o(.text)
    i.vPortFree                              0x000002fa   Section        0  heap_1.o(i.vPortFree)
    .ARM.__at_0x02FC                         0x000002fc   Section        4  startup_lpc17xx.o(.ARM.__at_0x02FC)
    .text                                    0x00000300   Section       74  sys_stackheap_outer.o(.text)
    .text                                    0x0000034c   Section        0  sys_exit.o(.text)
    i.EMAC_GetBufferSts                      0x00000358   Section        0  lpc177x_8x_emac.o(i.EMAC_GetBufferSts)
    i.EMAC_GetRxBuffer                       0x000003b0   Section        0  lpc177x_8x_emac.o(i.EMAC_GetRxBuffer)
    i.EMAC_GetRxFrameSize                    0x000003c4   Section        0  lpc177x_8x_emac.o(i.EMAC_GetRxFrameSize)
    EMAC_GetRxFrameSize                      0x000003c5   Thumb Code    20  lpc177x_8x_emac.o(i.EMAC_GetRxFrameSize)
    i.EMAC_GetRxFrameStatus                  0x000003dc   Section        0  lpc177x_8x_emac.o(i.EMAC_GetRxFrameStatus)
    i.EMAC_GetTxFrameStatus                  0x000003f0   Section        0  lpc177x_8x_emac.o(i.EMAC_GetTxFrameStatus)
    i.EMAC_UpdateRxConsumeIndex              0x00000404   Section        0  lpc177x_8x_emac.o(i.EMAC_UpdateRxConsumeIndex)
    EMAC_UpdateRxConsumeIndex                0x00000405   Thumb Code    20  lpc177x_8x_emac.o(i.EMAC_UpdateRxConsumeIndex)
    i.ENET_IRQHandler                        0x0000041c   Section        0  lpc177x_8x_emac.o(i.ENET_IRQHandler)
    i.HardWare_Init                          0x00000644   Section        0  main.o(i.HardWare_Init)
    i.QueueCreate                            0x00000658   Section        0  user_queue.o(i.QueueCreate)
    i.QueueNData                             0x000006a2   Section        0  user_queue.o(i.QueueNData)
    i.QueueRead                              0x000006b8   Section        0  user_queue.o(i.QueueRead)
    i.QueueSize                              0x0000070e   Section        0  user_queue.o(i.QueueSize)
    i.QueueWrite                             0x00000724   Section        0  user_queue.o(i.QueueWrite)
    i.SystemInit                             0x0000077c   Section        0  system_lpc177x_8x.o(i.SystemInit)
    i.UART0Init                              0x00000848   Section        0  uart0.o(i.UART0Init)
    i.UART0Putch                             0x00000944   Section        0  uart0.o(i.UART0Putch)
    i.UART0Write_Str                         0x00000988   Section        0  uart0.o(i.UART0Write_Str)
    i.UART0_IRQHandler                       0x000009a0   Section        0  uart0.o(i.UART0_IRQHandler)
    i.USB_IRQHandler                         0x00000a54   Section        0  lpc177x_8x_usbhost.o(i.USB_IRQHandler)
    i.Uart0WriteFull                         0x00000ba8   Section        0  uart0.o(i.Uart0WriteFull)
    i.main                                   0x00000bdc   Section        0  main.o(i.main)
    i.prvAddCurrentTaskToDelayedList         0x00000c44   Section        0  tasks.o(i.prvAddCurrentTaskToDelayedList)
    prvAddCurrentTaskToDelayedList           0x00000c45   Thumb Code   124  tasks.o(i.prvAddCurrentTaskToDelayedList)
    i.prvAddNewTaskToReadyList               0x00000cdc   Section        0  tasks.o(i.prvAddNewTaskToReadyList)
    prvAddNewTaskToReadyList                 0x00000cdd   Thumb Code   156  tasks.o(i.prvAddNewTaskToReadyList)
    i.prvCheckTasksWaitingTermination        0x00000d94   Section        0  tasks.o(i.prvCheckTasksWaitingTermination)
    prvCheckTasksWaitingTermination          0x00000d95   Thumb Code    86  tasks.o(i.prvCheckTasksWaitingTermination)
    i.prvDeleteTCB                           0x00000df8   Section        0  tasks.o(i.prvDeleteTCB)
    prvDeleteTCB                             0x00000df9   Thumb Code    18  tasks.o(i.prvDeleteTCB)
    i.prvIdleTask                            0x00000e0a   Section        0  tasks.o(i.prvIdleTask)
    prvIdleTask                              0x00000e0b   Thumb Code     8  tasks.o(i.prvIdleTask)
    i.prvInitialiseNewQueue                  0x00000e12   Section        0  queue.o(i.prvInitialiseNewQueue)
    prvInitialiseNewQueue                    0x00000e13   Thumb Code    42  queue.o(i.prvInitialiseNewQueue)
    i.prvInitialiseNewTask                   0x00000e3c   Section        0  tasks.o(i.prvInitialiseNewTask)
    prvInitialiseNewTask                     0x00000e3d   Thumb Code   144  tasks.o(i.prvInitialiseNewTask)
    i.prvInitialiseTaskLists                 0x00000ecc   Section        0  tasks.o(i.prvInitialiseTaskLists)
    prvInitialiseTaskLists                   0x00000ecd   Thumb Code    70  tasks.o(i.prvInitialiseTaskLists)
    i.prvResetNextTaskUnblockTime            0x00000f34   Section        0  tasks.o(i.prvResetNextTaskUnblockTime)
    prvResetNextTaskUnblockTime              0x00000f35   Thumb Code    42  tasks.o(i.prvResetNextTaskUnblockTime)
    i.prvTaskExitError                       0x00000f68   Section        0  port.o(i.prvTaskExitError)
    prvTaskExitError                         0x00000f69   Thumb Code    22  port.o(i.prvTaskExitError)
    i.pvPortMalloc                           0x00000f80   Section        0  heap_1.o(i.pvPortMalloc)
    i.pxPortInitialiseStack                  0x00000ff0   Section        0  port.o(i.pxPortInitialiseStack)
    i.uxListRemove                           0x00001014   Section        0  list.o(i.uxListRemove)
    i.vAPPTask                               0x0000103c   Section        0  main.o(i.vAPPTask)
    i.vConfigureTimerForRunTimeStats         0x0000105c   Section        0  main.o(i.vConfigureTimerForRunTimeStats)
    i.vListInitialise                        0x00001064   Section        0  list.o(i.vListInitialise)
    i.vListInitialiseItem                    0x0000107e   Section        0  list.o(i.vListInitialiseItem)
    i.vListInsert                            0x00001084   Section        0  list.o(i.vListInsert)
    i.vListInsertEnd                         0x000010b8   Section        0  list.o(i.vListInsertEnd)
    i.vPortEnterCritical                     0x000010d0   Section        0  port.o(i.vPortEnterCritical)
    i.vPortExitCritical                      0x000010f4   Section        0  port.o(i.vPortExitCritical)
    i.vPortSetupTimerInterrupt               0x00001114   Section        0  port.o(i.vPortSetupTimerInterrupt)
    i.vTCPTask                               0x00001128   Section        0  main.o(i.vTCPTask)
    i.vTaskDelay                             0x00001148   Section        0  tasks.o(i.vTaskDelay)
    i.vTaskStartScheduler                    0x0000117c   Section        0  tasks.o(i.vTaskStartScheduler)
    i.vTaskSuspendAll                        0x000011e4   Section        0  tasks.o(i.vTaskSuspendAll)
    i.vTaskSwitchContext                     0x000011f4   Section        0  tasks.o(i.vTaskSwitchContext)
    i.vWDTTask                               0x00001254   Section        0  main.o(i.vWDTTask)
    i.xPortStartScheduler                    0x000012a8   Section        0  port.o(i.xPortStartScheduler)
    i.xPortSysTickHandler                    0x000012dc   Section        0  port.o(i.xPortSysTickHandler)
    i.xQueueGenericCreate                    0x00001310   Section        0  queue.o(i.xQueueGenericCreate)
    i.xQueueGenericReset                     0x00001348   Section        0  queue.o(i.xQueueGenericReset)
    i.xQueueGiveFromISR                      0x000013c8   Section        0  queue.o(i.xQueueGiveFromISR)
    i.xTaskCreate                            0x00001440   Section        0  tasks.o(i.xTaskCreate)
    i.xTaskIncrementTick                     0x000014a0   Section        0  tasks.o(i.xTaskIncrementTick)
    i.xTaskRemoveFromEventList               0x000015bc   Section        0  tasks.o(i.xTaskRemoveFromEventList)
    i.xTaskResumeAll                         0x0000163c   Section        0  tasks.o(i.xTaskResumeAll)
    .data                                    0x10000000   Section        5  lpc177x_8x_emac.o(.data)
    sulCurrFrameSz                           0x10000000   Data           4  lpc177x_8x_emac.o(.data)
    sbCurrFrameID                            0x10000004   Data           1  lpc177x_8x_emac.o(.data)
    .data                                    0x10000008   Section       76  lpc177x_8x_usbhost.o(.data)
    gUSBConnected                            0x10000008   Data           4  lpc177x_8x_usbhost.o(.data)
    gUSBDeviceType                           0x1000000c   Data           1  lpc177x_8x_usbhost.o(.data)
    .data                                    0x10000054   Section       16  system_lpc177x_8x.o(.data)
    .data                                    0x10000064   Section        8  uart0.o(.data)
    Uart0Sem                                 0x10000064   Data           4  uart0.o(.data)
    xHigherPriorityTaskWoken                 0x10000068   Data           4  uart0.o(.data)
    .data                                    0x1000006c   Section        8  heap_1.o(.data)
    xNextFreeByte                            0x1000006c   Data           4  heap_1.o(.data)
    pucAlignedHeap                           0x10000070   Data           4  heap_1.o(.data)
    .data                                    0x10000074   Section       60  tasks.o(.data)
    pxDelayedTaskList                        0x10000078   Data           4  tasks.o(.data)
    pxOverflowDelayedTaskList                0x1000007c   Data           4  tasks.o(.data)
    uxDeletedTasksWaitingCleanUp             0x10000080   Data           4  tasks.o(.data)
    uxCurrentNumberOfTasks                   0x10000084   Data           4  tasks.o(.data)
    xTickCount                               0x10000088   Data           4  tasks.o(.data)
    uxTopReadyPriority                       0x1000008c   Data           4  tasks.o(.data)
    xSchedulerRunning                        0x10000090   Data           4  tasks.o(.data)
    uxPendedTicks                            0x10000094   Data           4  tasks.o(.data)
    xYieldPending                            0x10000098   Data           4  tasks.o(.data)
    xNumOfOverflows                          0x1000009c   Data           4  tasks.o(.data)
    uxTaskNumber                             0x100000a0   Data           4  tasks.o(.data)
    xNextTaskUnblockTime                     0x100000a4   Data           4  tasks.o(.data)
    xIdleTaskHandle                          0x100000a8   Data           4  tasks.o(.data)
    uxSchedulerSuspended                     0x100000ac   Data           4  tasks.o(.data)
    .data                                    0x100000b0   Section        4  port.o(.data)
    uxCriticalNesting                        0x100000b0   Data           4  port.o(.data)
    .bss                                     0x100000b4   Section     6188  lpc177x_8x_emac.o(.bss)
    EMAC_Configs                             0x100000b4   Data          44  lpc177x_8x_emac.o(.bss)
    saFrameBuffers                           0x100000e0   Data        6144  lpc177x_8x_emac.o(.bss)
    .bss                                     0x100018e0   Section     1024  uart0.o(.bss)
    UART0SendBuf                             0x100018e0   Data        1024  uart0.o(.bss)
    .bss                                     0x10001ce0   Section    19456  heap_1.o(.bss)
    ucHeap                                   0x10001ce0   Data       19456  heap_1.o(.bss)
    .bss                                     0x100068e0   Section      200  tasks.o(.bss)
    pxReadyTasksLists                        0x100068e0   Data         100  tasks.o(.bss)
    xDelayedTaskList1                        0x10006944   Data          20  tasks.o(.bss)
    xDelayedTaskList2                        0x10006958   Data          20  tasks.o(.bss)
    xPendingReadyList                        0x1000696c   Data          20  tasks.o(.bss)
    xTasksWaitingTermination                 0x10006980   Data          20  tasks.o(.bss)
    xSuspendedTaskList                       0x10006994   Data          20  tasks.o(.bss)
    .bss                                     0x100069a8   Section       96  libspace.o(.bss)
    HEAP                                     0x10006a08   Section        0  startup_lpc17xx.o(HEAP)
    STACK                                    0x10006a08   Section      512  startup_lpc17xx.o(STACK)
    Heap_Mem                                 0x10006a08   Data           0  startup_lpc17xx.o(HEAP)
    Stack_Mem                                0x10006a08   Data         512  startup_lpc17xx.o(STACK)
    __initial_sp                             0x10006c08   Data           0  startup_lpc17xx.o(STACK)

    Global Symbols

    Symbol Name                              Value     Ov Type        Size  Object(Section)

    BuildAttributes$$THM_ISAv4$P$D$K$B$S$PE$A:L22UL41UL21$X:L11$S22US41US21$IEEE1$IW$USESV6$~STKCKD$USESV7$~SHL$OSPACE$ROPI$EBA8$UX$STANDARDLIB$REQ8$PRES8$EABIv2 0x00000000   Number         0  anon$$obj.o ABSOLUTE
    __ARM_use_no_argv                        0x00000000   Number         0  main.o ABSOLUTE
    __Vectors                                0x00000000   Data           4  startup_lpc17xx.o(RESET)
    __ARM_exceptions_init                     - Undefined Weak Reference
    __alloca_initialize                       - Undefined Weak Reference
    __arm_preinit_                            - Undefined Weak Reference
    __cpp_initialize__aeabi_                  - Undefined Weak Reference
    __cxa_finalize                            - Undefined Weak Reference
    __rt_locale                               - Undefined Weak Reference
    __sigvec_lookup                           - Undefined Weak Reference
    _atexit_init                              - Undefined Weak Reference
    _call_atexit_fns                          - Undefined Weak Reference
    _clock_init                               - Undefined Weak Reference
    _fp_trap_init                             - Undefined Weak Reference
    _fp_trap_shutdown                         - Undefined Weak Reference
    _get_lc_collate                           - Undefined Weak Reference
    _get_lc_ctype                             - Undefined Weak Reference
    _get_lc_monetary                          - Undefined Weak Reference
    _get_lc_numeric                           - Undefined Weak Reference
    _get_lc_time                              - Undefined Weak Reference
    _getenv_init                              - Undefined Weak Reference
    _handle_redirection                       - Undefined Weak Reference
    _init_alloc                               - Undefined Weak Reference
    _init_user_alloc                          - Undefined Weak Reference
    _initio                                   - Undefined Weak Reference
    _printf_mbtowc                            - Undefined Weak Reference
    _printf_post_padding                      - Undefined Weak Reference
    _printf_pre_padding                       - Undefined Weak Reference
    _printf_truncate_signed                   - Undefined Weak Reference
    _printf_truncate_unsigned                 - Undefined Weak Reference
    _rand_init                                - Undefined Weak Reference
    _signal_finish                            - Undefined Weak Reference
    _signal_init                              - Undefined Weak Reference
    _terminate_alloc                          - Undefined Weak Reference
    _terminate_user_alloc                     - Undefined Weak Reference
    _terminateio                              - Undefined Weak Reference
    __main                                   0x000000c5   Thumb Code     8  __main.o(!!!main)
    __scatterload                            0x000000cd   Thumb Code     0  __scatter.o(!!!scatter)
    __scatterload_rt2                        0x000000cd   Thumb Code    44  __scatter.o(!!!scatter)
    __scatterload_rt2_thumb_only             0x000000cd   Thumb Code     0  __scatter.o(!!!scatter)
    __scatterload_null                       0x000000db   Thumb Code     0  __scatter.o(!!!scatter)
    __scatterload_copy                       0x00000101   Thumb Code    26  __scatter_copy.o(!!handler_copy)
    __scatterload_zeroinit                   0x0000011d   Thumb Code    28  __scatter_zi.o(!!handler_zi)
    __rt_lib_init                            0x00000139   Thumb Code     0  libinit.o(.ARM.Collect$$libinit$$00000000)
    __rt_lib_init_alloca_1                   0x0000013b   Thumb Code     0  libinit2.o(.ARM.Collect$$libinit$$0000002E)
    __rt_lib_init_argv_1                     0x0000013b   Thumb Code     0  libinit2.o(.ARM.Collect$$libinit$$0000002C)
    __rt_lib_init_atexit_1                   0x0000013b   Thumb Code     0  libinit2.o(.ARM.Collect$$libinit$$0000001B)
    __rt_lib_init_clock_1                    0x0000013b   Thumb Code     0  libinit2.o(.ARM.Collect$$libinit$$00000021)
    __rt_lib_init_cpp_1                      0x0000013b   Thumb Code     0  libinit2.o(.ARM.Collect$$libinit$$00000032)
    __rt_lib_init_exceptions_1               0x0000013b   Thumb Code     0  libinit2.o(.ARM.Collect$$libinit$$00000030)
    __rt_lib_init_fp_1                       0x0000013b   Thumb Code     0  libinit2.o(.ARM.Collect$$libinit$$00000002)
    __rt_lib_init_fp_trap_1                  0x0000013b   Thumb Code     0  libinit2.o(.ARM.Collect$$libinit$$0000001F)
    __rt_lib_init_getenv_1                   0x0000013b   Thumb Code     0  libinit2.o(.ARM.Collect$$libinit$$00000023)
    __rt_lib_init_heap_1                     0x0000013b   Thumb Code     0  libinit2.o(.ARM.Collect$$libinit$$0000000A)
    __rt_lib_init_lc_collate_1               0x0000013b   Thumb Code     0  libinit2.o(.ARM.Collect$$libinit$$00000011)
    __rt_lib_init_lc_ctype_1                 0x0000013b   Thumb Code     0  libinit2.o(.ARM.Collect$$libinit$$00000013)
    __rt_lib_init_lc_monetary_1              0x0000013b   Thumb Code     0  libinit2.o(.ARM.Collect$$libinit$$00000015)
    __rt_lib_init_lc_numeric_1               0x0000013b   Thumb Code     0  libinit2.o(.ARM.Collect$$libinit$$00000017)
    __rt_lib_init_lc_time_1                  0x0000013b   Thumb Code     0  libinit2.o(.ARM.Collect$$libinit$$00000019)
    __rt_lib_init_preinit_1                  0x0000013b   Thumb Code     0  libinit2.o(.ARM.Collect$$libinit$$00000004)
    __rt_lib_init_rand_1                     0x0000013b   Thumb Code     0  libinit2.o(.ARM.Collect$$libinit$$0000000E)
    __rt_lib_init_return                     0x0000013b   Thumb Code     0  libinit2.o(.ARM.Collect$$libinit$$00000033)
    __rt_lib_init_signal_1                   0x0000013b   Thumb Code     0  libinit2.o(.ARM.Collect$$libinit$$0000001D)
    __rt_lib_init_stdio_1                    0x0000013b   Thumb Code     0  libinit2.o(.ARM.Collect$$libinit$$00000025)
    __rt_lib_init_user_alloc_1               0x0000013b   Thumb Code     0  libinit2.o(.ARM.Collect$$libinit$$0000000C)
    __rt_lib_shutdown                        0x0000013d   Thumb Code     0  libshutdown.o(.ARM.Collect$$libshutdown$$00000000)
    __rt_lib_shutdown_cpp_1                  0x0000013f   Thumb Code     0  libshutdown2.o(.ARM.Collect$$libshutdown$$00000002)
    __rt_lib_shutdown_fp_trap_1              0x0000013f   Thumb Code     0  libshutdown2.o(.ARM.Collect$$libshutdown$$00000007)
    __rt_lib_shutdown_heap_1                 0x0000013f   Thumb Code     0  libshutdown2.o(.ARM.Collect$$libshutdown$$0000000F)
    __rt_lib_shutdown_return                 0x0000013f   Thumb Code     0  libshutdown2.o(.ARM.Collect$$libshutdown$$00000010)
    __rt_lib_shutdown_signal_1               0x0000013f   Thumb Code     0  libshutdown2.o(.ARM.Collect$$libshutdown$$0000000A)
    __rt_lib_shutdown_stdio_1                0x0000013f   Thumb Code     0  libshutdown2.o(.ARM.Collect$$libshutdown$$00000004)
    __rt_lib_shutdown_user_alloc_1           0x0000013f   Thumb Code     0  libshutdown2.o(.ARM.Collect$$libshutdown$$0000000C)
    __rt_entry                               0x00000141   Thumb Code     0  __rtentry.o(.ARM.Collect$$rtentry$$00000000)
    __rt_entry_presh_1                       0x00000141   Thumb Code     0  __rtentry2.o(.ARM.Collect$$rtentry$$00000002)
    __rt_entry_sh                            0x00000141   Thumb Code     0  __rtentry4.o(.ARM.Collect$$rtentry$$00000004)
    __rt_entry_li                            0x00000147   Thumb Code     0  __rtentry2.o(.ARM.Collect$$rtentry$$0000000A)
    __rt_entry_postsh_1                      0x00000147   Thumb Code     0  __rtentry2.o(.ARM.Collect$$rtentry$$00000009)
    __rt_entry_main                          0x0000014b   Thumb Code     0  __rtentry2.o(.ARM.Collect$$rtentry$$0000000D)
    __rt_entry_postli_1                      0x0000014b   Thumb Code     0  __rtentry2.o(.ARM.Collect$$rtentry$$0000000C)
    __rt_exit                                0x00000153   Thumb Code     0  rtexit.o(.ARM.Collect$$rtexit$$00000000)
    __rt_exit_ls                             0x00000155   Thumb Code     0  rtexit2.o(.ARM.Collect$$rtexit$$00000003)
    __rt_exit_prels_1                        0x00000155   Thumb Code     0  rtexit2.o(.ARM.Collect$$rtexit$$00000002)
    __rt_exit_exit                           0x00000159   Thumb Code     0  rtexit2.o(.ARM.Collect$$rtexit$$00000004)
    vPortSVCHandler                          0x00000161   Thumb Code    32  port.o(.emb_text)
    __asm___6_port_c_39a90d8d__prvStartFirstTask 0x00000185   Thumb Code    28  port.o(.emb_text)
    xPortPendSVHandler                       0x000001a5   Thumb Code    72  port.o(.emb_text)
    vPortGetIPSR                             0x000001f1   Thumb Code     6  port.o(.emb_text)
    Reset_Handler                            0x000001f9   Thumb Code     8  startup_lpc17xx.o(.text)
    NMI_Handler                              0x00000201   Thumb Code     2  startup_lpc17xx.o(.text)
    HardFault_Handler                        0x00000203   Thumb Code     2  startup_lpc17xx.o(.text)
    MemManage_Handler                        0x00000205   Thumb Code     2  startup_lpc17xx.o(.text)
    BusFault_Handler                         0x00000207   Thumb Code     2  startup_lpc17xx.o(.text)
    UsageFault_Handler                       0x00000209   Thumb Code     2  startup_lpc17xx.o(.text)
    SVC_Handler                              0x0000020b   Thumb Code     2  startup_lpc17xx.o(.text)
    DebugMon_Handler                         0x0000020d   Thumb Code     2  startup_lpc17xx.o(.text)
    PendSV_Handler                           0x0000020f   Thumb Code     2  startup_lpc17xx.o(.text)
    SysTick_Handler                          0x00000211   Thumb Code     2  startup_lpc17xx.o(.text)
    ADC_IRQHandler                           0x00000213   Thumb Code     0  startup_lpc17xx.o(.text)
    BOD_IRQHandler                           0x00000213   Thumb Code     0  startup_lpc17xx.o(.text)
    CAN_IRQHandler                           0x00000213   Thumb Code     0  startup_lpc17xx.o(.text)
    DMA_IRQHandler                           0x00000213   Thumb Code     0  startup_lpc17xx.o(.text)
    EINT0_IRQHandler                         0x00000213   Thumb Code     0  startup_lpc17xx.o(.text)
    EINT1_IRQHandler                         0x00000213   Thumb Code     0  startup_lpc17xx.o(.text)
    EINT2_IRQHandler                         0x00000213   Thumb Code     0  startup_lpc17xx.o(.text)
    EINT3_IRQHandler                         0x00000213   Thumb Code     0  startup_lpc17xx.o(.text)
    I2C0_IRQHandler                          0x00000213   Thumb Code     0  startup_lpc17xx.o(.text)
    I2C1_IRQHandler                          0x00000213   Thumb Code     0  startup_lpc17xx.o(.text)
    I2C2_IRQHandler                          0x00000213   Thumb Code     0  startup_lpc17xx.o(.text)
    I2S_IRQHandler                           0x00000213   Thumb Code     0  startup_lpc17xx.o(.text)
    MCPWM_IRQHandler                         0x00000213   Thumb Code     0  startup_lpc17xx.o(.text)
    PLL0_IRQHandler                          0x00000213   Thumb Code     0  startup_lpc17xx.o(.text)
    PLL1_IRQHandler                          0x00000213   Thumb Code     0  startup_lpc17xx.o(.text)
    PWM1_IRQHandler                          0x00000213   Thumb Code     0  startup_lpc17xx.o(.text)
    QEI_IRQHandler                           0x00000213   Thumb Code     0  startup_lpc17xx.o(.text)
    RIT_IRQHandler                           0x00000213   Thumb Code     0  startup_lpc17xx.o(.text)
    RTC_IRQHandler                           0x00000213   Thumb Code     0  startup_lpc17xx.o(.text)
    SPI_IRQHandler                           0x00000213   Thumb Code     0  startup_lpc17xx.o(.text)
    SSP0_IRQHandler                          0x00000213   Thumb Code     0  startup_lpc17xx.o(.text)
    SSP1_IRQHandler                          0x00000213   Thumb Code     0  startup_lpc17xx.o(.text)
    TIMER0_IRQHandler                        0x00000213   Thumb Code     0  startup_lpc17xx.o(.text)
    TIMER1_IRQHandler                        0x00000213   Thumb Code     0  startup_lpc17xx.o(.text)
    TIMER2_IRQHandler                        0x00000213   Thumb Code     0  startup_lpc17xx.o(.text)
    TIMER3_IRQHandler                        0x00000213   Thumb Code     0  startup_lpc17xx.o(.text)
    UART1_IRQHandler                         0x00000213   Thumb Code     0  startup_lpc17xx.o(.text)
    UART2_IRQHandler                         0x00000213   Thumb Code     0  startup_lpc17xx.o(.text)
    UART3_IRQHandler                         0x00000213   Thumb Code     0  startup_lpc17xx.o(.text)
    WDT_IRQHandler                           0x00000213   Thumb Code     0  startup_lpc17xx.o(.text)
    __user_initial_stackheap                 0x00000215   Thumb Code     0  startup_lpc17xx.o(.text)
    __aeabi_memset                           0x00000235   Thumb Code    16  aeabi_memset.o(.text)
    __use_two_region_memory                  0x00000245   Thumb Code     2  heapauxi.o(.text)
    __rt_heap_escrow$2region                 0x00000247   Thumb Code     2  heapauxi.o(.text)
    __rt_heap_expand$2region                 0x00000249   Thumb Code     2  heapauxi.o(.text)
    __aeabi_memclr                           0x0000024b   Thumb Code     0  rt_memclr.o(.text)
    __rt_memclr                              0x0000024b   Thumb Code    68  rt_memclr.o(.text)
    _memset                                  0x0000024f   Thumb Code     0  rt_memclr.o(.text)
    __aeabi_memclr4                          0x0000028f   Thumb Code     0  rt_memclr_w.o(.text)
    __aeabi_memclr8                          0x0000028f   Thumb Code     0  rt_memclr_w.o(.text)
    __rt_memclr_w                            0x0000028f   Thumb Code    78  rt_memclr_w.o(.text)
    _memset_w                                0x00000293   Thumb Code     0  rt_memclr_w.o(.text)
    exit                                     0x000002dd   Thumb Code    18  exit.o(.text)
    __user_libspace                          0x000002f1   Thumb Code     8  libspace.o(.text)
    __user_perproc_libspace                  0x000002f1   Thumb Code     0  libspace.o(.text)
    __user_perthread_libspace                0x000002f1   Thumb Code     0  libspace.o(.text)
    __I$use$semihosting                      0x000002f9   Thumb Code     0  use_no_semi.o(.text)
    __use_no_semihosting_swi                 0x000002f9   Thumb Code     2  use_no_semi.o(.text)
    __semihosting_library_function           0x000002fb   Thumb Code     0  indicate_semi.o(.text)
    vPortFree                                0x000002fb   Thumb Code     2  heap_1.o(i.vPortFree)
    __user_setup_stackheap                   0x00000301   Thumb Code    74  sys_stackheap_outer.o(.text)
    _sys_exit                                0x0000034d   Thumb Code     8  sys_exit.o(.text)
    EMAC_GetBufferSts                        0x00000359   Thumb Code    80  lpc177x_8x_emac.o(i.EMAC_GetBufferSts)
    EMAC_GetRxBuffer                         0x000003b1   Thumb Code    14  lpc177x_8x_emac.o(i.EMAC_GetRxBuffer)
    EMAC_GetRxFrameStatus                    0x000003dd   Thumb Code    14  lpc177x_8x_emac.o(i.EMAC_GetRxFrameStatus)
    EMAC_GetTxFrameStatus                    0x000003f1   Thumb Code    14  lpc177x_8x_emac.o(i.EMAC_GetTxFrameStatus)
    ENET_IRQHandler                          0x0000041d   Thumb Code   528  lpc177x_8x_emac.o(i.ENET_IRQHandler)
    HardWare_Init                            0x00000645   Thumb Code    16  main.o(i.HardWare_Init)
    QueueCreate                              0x00000659   Thumb Code    74  user_queue.o(i.QueueCreate)
    QueueNData                               0x000006a3   Thumb Code    22  user_queue.o(i.QueueNData)
    QueueRead                                0x000006b9   Thumb Code    86  user_queue.o(i.QueueRead)
    QueueSize                                0x0000070f   Thumb Code    22  user_queue.o(i.QueueSize)
    QueueWrite                               0x00000725   Thumb Code    88  user_queue.o(i.QueueWrite)
    SystemInit                               0x0000077d   Thumb Code   188  system_lpc177x_8x.o(i.SystemInit)
    UART0Init                                0x00000849   Thumb Code   224  uart0.o(i.UART0Init)
    UART0Putch                               0x00000945   Thumb Code    58  uart0.o(i.UART0Putch)
    UART0Write_Str                           0x00000989   Thumb Code    22  uart0.o(i.UART0Write_Str)
    UART0_IRQHandler                         0x000009a1   Thumb Code   164  uart0.o(i.UART0_IRQHandler)
    USB_IRQHandler                           0x00000a55   Thumb Code   312  lpc177x_8x_usbhost.o(i.USB_IRQHandler)
    Uart0WriteFull                           0x00000ba9   Thumb Code    50  uart0.o(i.Uart0WriteFull)
    main                                     0x00000bdd   Thumb Code    78  main.o(i.main)
    pvPortMalloc                             0x00000f81   Thumb Code    98  heap_1.o(i.pvPortMalloc)
    pxPortInitialiseStack                    0x00000ff1   Thumb Code    30  port.o(i.pxPortInitialiseStack)
    uxListRemove                             0x00001015   Thumb Code    40  list.o(i.uxListRemove)
    vAPPTask                                 0x0000103d   Thumb Code    18  main.o(i.vAPPTask)
    vConfigureTimerForRunTimeStats           0x0000105d   Thumb Code     8  main.o(i.vConfigureTimerForRunTimeStats)
    vListInitialise                          0x00001065   Thumb Code    26  list.o(i.vListInitialise)
    vListInitialiseItem                      0x0000107f   Thumb Code     6  list.o(i.vListInitialiseItem)
    vListInsert                              0x00001085   Thumb Code    52  list.o(i.vListInsert)
    vListInsertEnd                           0x000010b9   Thumb Code    24  list.o(i.vListInsertEnd)
    vPortEnterCritical                       0x000010d1   Thumb Code    30  port.o(i.vPortEnterCritical)
    vPortExitCritical                        0x000010f5   Thumb Code    28  port.o(i.vPortExitCritical)
    vPortSetupTimerInterrupt                 0x00001115   Thumb Code    14  port.o(i.vPortSetupTimerInterrupt)
    vTCPTask                                 0x00001129   Thumb Code    18  main.o(i.vTCPTask)
    vTaskDelay                               0x00001149   Thumb Code    46  tasks.o(i.vTaskDelay)
    vTaskStartScheduler                      0x0000117d   Thumb Code    76  tasks.o(i.vTaskStartScheduler)
    vTaskSuspendAll                          0x000011e5   Thumb Code    12  tasks.o(i.vTaskSuspendAll)
    vTaskSwitchContext                       0x000011f5   Thumb Code    76  tasks.o(i.vTaskSwitchContext)
    vWDTTask                                 0x00001255   Thumb Code    74  main.o(i.vWDTTask)
    xPortStartScheduler                      0x000012a9   Thumb Code    42  port.o(i.xPortStartScheduler)
    xPortSysTickHandler                      0x000012dd   Thumb Code    46  port.o(i.xPortSysTickHandler)
    xQueueGenericCreate                      0x00001311   Thumb Code    56  queue.o(i.xQueueGenericCreate)
    xQueueGenericReset                       0x00001349   Thumb Code   122  queue.o(i.xQueueGenericReset)
    xQueueGiveFromISR                        0x000013c9   Thumb Code   120  queue.o(i.xQueueGiveFromISR)
    xTaskCreate                              0x00001441   Thumb Code    96  tasks.o(i.xTaskCreate)
    xTaskIncrementTick                       0x000014a1   Thumb Code   238  tasks.o(i.xTaskIncrementTick)
    xTaskRemoveFromEventList                 0x000015bd   Thumb Code   104  tasks.o(i.xTaskRemoveFromEventList)
    xTaskResumeAll                           0x0000163d   Thumb Code   196  tasks.o(i.xTaskResumeAll)
    Region$$Table$$Base                      0x00001724   Number         0  anon$$obj.o(Region$$Table)
    Region$$Table$$Limit                     0x00001744   Number         0  anon$$obj.o(Region$$Table)
    HOST_RhscIntr                            0x10000010   Data           4  lpc177x_8x_usbhost.o(.data)
    HOST_WdhIntr                             0x10000014   Data           4  lpc177x_8x_usbhost.o(.data)
    HOST_TDControlStatus                     0x10000018   Data           1  lpc177x_8x_usbhost.o(.data)
    EDCtrl                                   0x1000001c   Data           4  lpc177x_8x_usbhost.o(.data)
    EDBulkIn                                 0x10000020   Data           4  lpc177x_8x_usbhost.o(.data)
    EDBulkOut                                0x10000024   Data           4  lpc177x_8x_usbhost.o(.data)
    TDHead                                   0x10000028   Data           4  lpc177x_8x_usbhost.o(.data)
    TDTail                                   0x1000002c   Data           4  lpc177x_8x_usbhost.o(.data)
    Hcca                                     0x10000030   Data           4  lpc177x_8x_usbhost.o(.data)
    TDBufNonVol                              0x10000034   Data           4  lpc177x_8x_usbhost.o(.data)
    TDBuffer                                 0x10000038   Data           4  lpc177x_8x_usbhost.o(.data)
    FATBuffer                                0x1000003c   Data           4  lpc177x_8x_usbhost.o(.data)
    UserBuffer                               0x10000040   Data           4  lpc177x_8x_usbhost.o(.data)
    UnrecoverableIntCount                    0x10000044   Data           4  lpc177x_8x_usbhost.o(.data)
    USB_DeviceDescriptor                     0x10000048   Data           4  lpc177x_8x_usbhost.o(.data)
    USB_ConfigDescriptor                     0x1000004c   Data           4  lpc177x_8x_usbhost.o(.data)
    USB_InterfaceDescriptor                  0x10000050   Data           4  lpc177x_8x_usbhost.o(.data)
    SystemCoreClock                          0x10000054   Data           4  system_lpc177x_8x.o(.data)
    PeripheralClock                          0x10000058   Data           4  system_lpc177x_8x.o(.data)
    EMCClock                                 0x1000005c   Data           4  system_lpc177x_8x.o(.data)
    USBClock                                 0x10000060   Data           4  system_lpc177x_8x.o(.data)
    pxCurrentTCB                             0x10000074   Data           4  tasks.o(.data)
    __libspace_start                         0x100069a8   Data          96  libspace.o(.bss)
    __temporary_stack_top$libspace           0x10006a08   Data           0  libspace.o(.bss)



==============================================================================

Memory Map of the image

  Image Entry point : 0x000000c5

  Load Region LR_IROM1 (Base: 0x00000000, Size: 0x000017f8, Max: 0x00080000, ABSOLUTE)

    Execution Region ER_IROM1 (Base: 0x00000000, Size: 0x00001744, Max: 0x00080000, ABSOLUTE)

    Base Addr    Size         Type   Attr      Idx    E Section Name        Object

    0x00000000   0x000000c4   Data   RO         3311    RESET               startup_lpc17xx.o
    0x000000c4   0x00000008   Code   RO         4305  * !!!main             c_w.l(__main.o)
    0x000000cc   0x00000034   Code   RO         4502    !!!scatter          c_w.l(__scatter.o)
    0x00000100   0x0000001a   Code   RO         4504    !!handler_copy      c_w.l(__scatter_copy.o)
    0x0000011a   0x00000002   PAD
    0x0000011c   0x0000001c   Code   RO         4506    !!handler_zi        c_w.l(__scatter_zi.o)
    0x00000138   0x00000002   Code   RO         4372    .ARM.Collect$$libinit$$00000000  c_w.l(libinit.o)
    0x0000013a   0x00000000   Code   RO         4385    .ARM.Collect$$libinit$$00000002  c_w.l(libinit2.o)
    0x0000013a   0x00000000   Code   RO         4387    .ARM.Collect$$libinit$$00000004  c_w.l(libinit2.o)
    0x0000013a   0x00000000   Code   RO         4390    .ARM.Collect$$libinit$$0000000A  c_w.l(libinit2.o)
    0x0000013a   0x00000000   Code   RO         4392    .ARM.Collect$$libinit$$0000000C  c_w.l(libinit2.o)
    0x0000013a   0x00000000   Code   RO         4394    .ARM.Collect$$libinit$$0000000E  c_w.l(libinit2.o)
    0x0000013a   0x00000000   Code   RO         4397    .ARM.Collect$$libinit$$00000011  c_w.l(libinit2.o)
    0x0000013a   0x00000000   Code   RO         4399    .ARM.Collect$$libinit$$00000013  c_w.l(libinit2.o)
    0x0000013a   0x00000000   Code   RO         4401    .ARM.Collect$$libinit$$00000015  c_w.l(libinit2.o)
    0x0000013a   0x00000000   Code   RO         4403    .ARM.Collect$$libinit$$00000017  c_w.l(libinit2.o)
    0x0000013a   0x00000000   Code   RO         4405    .ARM.Collect$$libinit$$00000019  c_w.l(libinit2.o)
    0x0000013a   0x00000000   Code   RO         4407    .ARM.Collect$$libinit$$0000001B  c_w.l(libinit2.o)
    0x0000013a   0x00000000   Code   RO         4409    .ARM.Collect$$libinit$$0000001D  c_w.l(libinit2.o)
    0x0000013a   0x00000000   Code   RO         4411    .ARM.Collect$$libinit$$0000001F  c_w.l(libinit2.o)
    0x0000013a   0x00000000   Code   RO         4413    .ARM.Collect$$libinit$$00000021  c_w.l(libinit2.o)
    0x0000013a   0x00000000   Code   RO         4415    .ARM.Collect$$libinit$$00000023  c_w.l(libinit2.o)
    0x0000013a   0x00000000   Code   RO         4417    .ARM.Collect$$libinit$$00000025  c_w.l(libinit2.o)
    0x0000013a   0x00000000   Code   RO         4421    .ARM.Collect$$libinit$$0000002C  c_w.l(libinit2.o)
    0x0000013a   0x00000000   Code   RO         4423    .ARM.Collect$$libinit$$0000002E  c_w.l(libinit2.o)
    0x0000013a   0x00000000   Code   RO         4425    .ARM.Collect$$libinit$$00000030  c_w.l(libinit2.o)
    0x0000013a   0x00000000   Code   RO         4427    .ARM.Collect$$libinit$$00000032  c_w.l(libinit2.o)
    0x0000013a   0x00000002   Code   RO         4428    .ARM.Collect$$libinit$$00000033  c_w.l(libinit2.o)
    0x0000013c   0x00000002   Code   RO         4459    .ARM.Collect$$libshutdown$$00000000  c_w.l(libshutdown.o)
    0x0000013e   0x00000000   Code   RO         4485    .ARM.Collect$$libshutdown$$00000002  c_w.l(libshutdown2.o)
    0x0000013e   0x00000000   Code   RO         4487    .ARM.Collect$$libshutdown$$00000004  c_w.l(libshutdown2.o)
    0x0000013e   0x00000000   Code   RO         4490    .ARM.Collect$$libshutdown$$00000007  c_w.l(libshutdown2.o)
    0x0000013e   0x00000000   Code   RO         4493    .ARM.Collect$$libshutdown$$0000000A  c_w.l(libshutdown2.o)
    0x0000013e   0x00000000   Code   RO         4495    .ARM.Collect$$libshutdown$$0000000C  c_w.l(libshutdown2.o)
    0x0000013e   0x00000000   Code   RO         4498    .ARM.Collect$$libshutdown$$0000000F  c_w.l(libshutdown2.o)
    0x0000013e   0x00000002   Code   RO         4499    .ARM.Collect$$libshutdown$$00000010  c_w.l(libshutdown2.o)
    0x00000140   0x00000000   Code   RO         4315    .ARM.Collect$$rtentry$$00000000  c_w.l(__rtentry.o)
    0x00000140   0x00000000   Code   RO         4335    .ARM.Collect$$rtentry$$00000002  c_w.l(__rtentry2.o)
    0x00000140   0x00000006   Code   RO         4347    .ARM.Collect$$rtentry$$00000004  c_w.l(__rtentry4.o)
    0x00000146   0x00000000   Code   RO         4337    .ARM.Collect$$rtentry$$00000009  c_w.l(__rtentry2.o)
    0x00000146   0x00000004   Code   RO         4338    .ARM.Collect$$rtentry$$0000000A  c_w.l(__rtentry2.o)
    0x0000014a   0x00000000   Code   RO         4340    .ARM.Collect$$rtentry$$0000000C  c_w.l(__rtentry2.o)
    0x0000014a   0x00000008   Code   RO         4341    .ARM.Collect$$rtentry$$0000000D  c_w.l(__rtentry2.o)
    0x00000152   0x00000002   Code   RO         4376    .ARM.Collect$$rtexit$$00000000  c_w.l(rtexit.o)
    0x00000154   0x00000000   Code   RO         4432    .ARM.Collect$$rtexit$$00000002  c_w.l(rtexit2.o)
    0x00000154   0x00000004   Code   RO         4433    .ARM.Collect$$rtexit$$00000003  c_w.l(rtexit2.o)
    0x00000158   0x00000006   Code   RO         4434    .ARM.Collect$$rtexit$$00000004  c_w.l(rtexit2.o)
    0x0000015e   0x00000002   PAD
    0x00000160   0x00000096   Code   RO         4185    .emb_text           port.o
    0x000001f6   0x00000002   PAD
    0x000001f8   0x0000003c   Code   RO         3313    .text               startup_lpc17xx.o
    0x00000234   0x00000010   Code   RO         4301    .text               c_w.l(aeabi_memset.o)
    0x00000244   0x00000006   Code   RO         4303    .text               c_w.l(heapauxi.o)
    0x0000024a   0x00000044   Code   RO         4329    .text               c_w.l(rt_memclr.o)
    0x0000028e   0x0000004e   Code   RO         4353    .text               c_w.l(rt_memclr_w.o)
    0x000002dc   0x00000012   Code   RO         4361    .text               c_w.l(exit.o)
    0x000002ee   0x00000002   PAD
    0x000002f0   0x00000008   Code   RO         4373    .text               c_w.l(libspace.o)
    0x000002f8   0x00000002   Code   RO         4448    .text               c_w.l(use_no_semi.o)
    0x000002fa   0x00000000   Code   RO         4450    .text               c_w.l(indicate_semi.o)
    0x000002fa   0x00000002   Code   RO         3460    i.vPortFree         heap_1.o
    0x000002fc   0x00000004   Code   RO         3312    .ARM.__at_0x02FC    startup_lpc17xx.o
    0x00000300   0x0000004a   Code   RO         4359    .text               c_w.l(sys_stackheap_outer.o)
    0x0000034a   0x00000002   PAD
    0x0000034c   0x0000000c   Code   RO         4429    .text               c_w.l(sys_exit.o)
    0x00000358   0x00000058   Code   RO          671    i.EMAC_GetBufferSts  lpc177x_8x_emac.o
    0x000003b0   0x00000014   Code   RO          672    i.EMAC_GetRxBuffer  lpc177x_8x_emac.o
    0x000003c4   0x00000018   Code   RO          673    i.EMAC_GetRxFrameSize  lpc177x_8x_emac.o
    0x000003dc   0x00000014   Code   RO          674    i.EMAC_GetRxFrameStatus  lpc177x_8x_emac.o
    0x000003f0   0x00000014   Code   RO          675    i.EMAC_GetTxFrameStatus  lpc177x_8x_emac.o
    0x00000404   0x00000018   Code   RO          689    i.EMAC_UpdateRxConsumeIndex  lpc177x_8x_emac.o
    0x0000041c   0x00000228   Code   RO          693    i.ENET_IRQHandler   lpc177x_8x_emac.o
    0x00000644   0x00000014   Code   RO            1    i.HardWare_Init     main.o
    0x00000658   0x0000004a   Code   RO         3411    i.QueueCreate       user_queue.o
    0x000006a2   0x00000016   Code   RO         3413    i.QueueNData        user_queue.o
    0x000006b8   0x00000056   Code   RO         3414    i.QueueRead         user_queue.o
    0x0000070e   0x00000016   Code   RO         3415    i.QueueSize         user_queue.o
    0x00000724   0x00000058   Code   RO         3416    i.QueueWrite        user_queue.o
    0x0000077c   0x000000cc   Code   RO         3331    i.SystemInit        system_lpc177x_8x.o
    0x00000848   0x000000fc   Code   RO         3355    i.UART0Init         uart0.o
    0x00000944   0x00000044   Code   RO         3357    i.UART0Putch        uart0.o
    0x00000988   0x00000016   Code   RO         3358    i.UART0Write_Str    uart0.o
    0x0000099e   0x00000002   PAD
    0x000009a0   0x000000b4   Code   RO         3359    i.UART0_IRQHandler  uart0.o
    0x00000a54   0x00000154   Code   RO         3042    i.USB_IRQHandler    lpc177x_8x_usbhost.o
    0x00000ba8   0x00000032   Code   RO         3360    i.Uart0WriteFull    uart0.o
    0x00000bda   0x00000002   PAD
    0x00000bdc   0x00000068   Code   RO            2    i.main              main.o
    0x00000c44   0x00000098   Code   RO         3736    i.prvAddCurrentTaskToDelayedList  tasks.o
    0x00000cdc   0x000000b8   Code   RO         3737    i.prvAddNewTaskToReadyList  tasks.o
    0x00000d94   0x00000064   Code   RO         3738    i.prvCheckTasksWaitingTermination  tasks.o
    0x00000df8   0x00000012   Code   RO         3739    i.prvDeleteTCB      tasks.o
    0x00000e0a   0x00000008   Code   RO         3740    i.prvIdleTask       tasks.o
    0x00000e12   0x0000002a   Code   RO         3541    i.prvInitialiseNewQueue  queue.o
    0x00000e3c   0x00000090   Code   RO         3741    i.prvInitialiseNewTask  tasks.o
    0x00000ecc   0x00000068   Code   RO         3742    i.prvInitialiseTaskLists  tasks.o
    0x00000f34   0x00000034   Code   RO         3744    i.prvResetNextTaskUnblockTime  tasks.o
    0x00000f68   0x00000016   Code   RO         4186    i.prvTaskExitError  port.o
    0x00000f7e   0x00000002   PAD
    0x00000f80   0x00000070   Code   RO         3459    i.pvPortMalloc      heap_1.o
    0x00000ff0   0x00000024   Code   RO         4187    i.pxPortInitialiseStack  port.o
    0x00001014   0x00000028   Code   RO         3501    i.uxListRemove      list.o
    0x0000103c   0x00000020   Code   RO            3    i.vAPPTask          main.o
    0x0000105c   0x00000008   Code   RO            4    i.vConfigureTimerForRunTimeStats  main.o
    0x00001064   0x0000001a   Code   RO         3502    i.vListInitialise   list.o
    0x0000107e   0x00000006   Code   RO         3503    i.vListInitialiseItem  list.o
    0x00001084   0x00000034   Code   RO         3504    i.vListInsert       list.o
    0x000010b8   0x00000018   Code   RO         3505    i.vListInsertEnd    list.o
    0x000010d0   0x00000024   Code   RO         4189    i.vPortEnterCritical  port.o
    0x000010f4   0x00000020   Code   RO         4190    i.vPortExitCritical  port.o
    0x00001114   0x00000014   Code   RO         4191    i.vPortSetupTimerInterrupt  port.o
    0x00001128   0x00000020   Code   RO            5    i.vTCPTask          main.o
    0x00001148   0x00000034   Code   RO         3757    i.vTaskDelay        tasks.o
    0x0000117c   0x00000068   Code   RO         3772    i.vTaskStartScheduler  tasks.o
    0x000011e4   0x00000010   Code   RO         3774    i.vTaskSuspendAll   tasks.o
    0x000011f4   0x00000060   Code   RO         3775    i.vTaskSwitchContext  tasks.o
    0x00001254   0x00000054   Code   RO            6    i.vWDTTask          main.o
    0x000012a8   0x00000034   Code   RO         4192    i.xPortStartScheduler  port.o
    0x000012dc   0x00000034   Code   RO         4193    i.xPortSysTickHandler  port.o
    0x00001310   0x00000038   Code   RO         3555    i.xQueueGenericCreate  queue.o
    0x00001348   0x00000080   Code   RO         3557    i.xQueueGenericReset  queue.o
    0x000013c8   0x00000078   Code   RO         3560    i.xQueueGiveFromISR  queue.o
    0x00001440   0x00000060   Code   RO         3777    i.xTaskCreate       tasks.o
    0x000014a0   0x0000011c   Code   RO         3783    i.xTaskIncrementTick  tasks.o
    0x000015bc   0x00000080   Code   RO         3787    i.xTaskRemoveFromEventList  tasks.o
    0x0000163c   0x000000e8   Code   RO         3789    i.xTaskResumeAll    tasks.o
    0x00001724   0x00000020   Data   RO         4500    Region$$Table       anon$$obj.o


    Execution Region RW_IRAM1 (Base: 0x10000000, Size: 0x00006c08, Max: 0x00010000, ABSOLUTE)

    Base Addr    Size         Type   Attr      Idx    E Section Name        Object

    0x10000000   0x00000005   Data   RW          699    .data               lpc177x_8x_emac.o
    0x10000005   0x00000003   PAD
    0x10000008   0x0000004c   Data   RW         3047    .data               lpc177x_8x_usbhost.o
    0x10000054   0x00000010   Data   RW         3332    .data               system_lpc177x_8x.o
    0x10000064   0x00000008   Data   RW         3362    .data               uart0.o
    0x1000006c   0x00000008   Data   RW         3464    .data               heap_1.o
    0x10000074   0x0000003c   Data   RW         3792    .data               tasks.o
    0x100000b0   0x00000004   Data   RW         4194    .data               port.o
    0x100000b4   0x0000182c   Zero   RW          697    .bss                lpc177x_8x_emac.o
    0x100018e0   0x00000400   Zero   RW         3361    .bss                uart0.o
    0x10001ce0   0x00004c00   Zero   RW         3463    .bss                heap_1.o
    0x100068e0   0x000000c8   Zero   RW         3791    .bss                tasks.o
    0x100069a8   0x00000060   Zero   RW         4374    .bss                c_w.l(libspace.o)
    0x10006a08   0x00000000   Zero   RW         3310    HEAP                startup_lpc17xx.o
    0x10006a08   0x00000200   Zero   RW         3309    STACK               startup_lpc17xx.o


==============================================================================

Image component sizes


      Code (inc. data)   RO Data    RW Data    ZI Data      Debug   Object Name

       114         14          0          8      19456       3155   heap_1.o
       148          0          0          0          0       2842   list.o
       748         58          0          5       6188      31026   lpc177x_8x_emac.o
       340         28          0         76          0       5150   lpc177x_8x_usbhost.o
       280         68          0          0          0      40537   main.o
       400         50          0          4          0       8400   port.o
       346          6          0          0          0       9711   queue.o
        64         26        196          0        512        992   startup_lpc17xx.o
       204         16          0         16          0        841   system_lpc177x_8x.o
      1770        278          0         60        200      21320   tasks.o
       572         64          0          8       1024       4438   uart0.o
       292          0          0          0          0       3580   user_queue.o

    ----------------------------------------------------------------------
      5286        608        228        180      27380     131992   Object Totals
         0          0         32          0          0          0   (incl. Generated)
         8          0          0          3          0          0   (incl. Padding)

    ----------------------------------------------------------------------

      Code (inc. data)   RO Data    RW Data    ZI Data      Debug   Library Member Name

         8          0          0          0          0         68   __main.o
         0          0          0          0          0          0   __rtentry.o
        12          0          0          0          0          0   __rtentry2.o
         6          0          0          0          0          0   __rtentry4.o
        52          8          0          0          0          0   __scatter.o
        26          0          0          0          0          0   __scatter_copy.o
        28          0          0          0          0          0   __scatter_zi.o
        16          0          0          0          0         68   aeabi_memset.o
        18          0          0          0          0         80   exit.o
         6          0          0          0          0        152   heapauxi.o
         0          0          0          0          0          0   indicate_semi.o
         2          0          0          0          0          0   libinit.o
         2          0          0          0          0          0   libinit2.o
         2          0          0          0          0          0   libshutdown.o
         2          0          0          0          0          0   libshutdown2.o
         8          4          0          0         96         68   libspace.o
        68          0          0          0          0         68   rt_memclr.o
        78          0          0          0          0         80   rt_memclr_w.o
         2          0          0          0          0          0   rtexit.o
        10          0          0          0          0          0   rtexit2.o
        12          4          0          0          0         68   sys_exit.o
        74          0          0          0          0         80   sys_stackheap_outer.o
         2          0          0          0          0         68   use_no_semi.o

    ----------------------------------------------------------------------
       442         16          0          0         96        800   Library Totals
         8          0          0          0          0          0   (incl. Padding)

    ----------------------------------------------------------------------

      Code (inc. data)   RO Data    RW Data    ZI Data      Debug   Library Name

       434         16          0          0         96        800   c_w.l

    ----------------------------------------------------------------------
       442         16          0          0         96        800   Library Totals

    ----------------------------------------------------------------------

==============================================================================


      Code (inc. data)   RO Data    RW Data    ZI Data      Debug   

      5728        624        228        180      27476     129564   Grand Totals
      5728        624        228        180      27476     129564   ELF Image Totals
      5728        624        228        180          0          0   ROM Totals

==============================================================================

    Total RO  Size (Code + RO Data)                 5956 (   5.82kB)
    Total RW  Size (RW Data + ZI Data)             27656 (  27.01kB)
    Total ROM Size (Code + RO Data + RW Data)       6136 (   5.99kB)

==============================================================================

